../Core/Src/main.c:77:5:main	8	static
../Core/Src/main.c:124:6:toggle_LED	8	static
../Core/Src/main.c:131:6:HAL_TIM_PeriodElapsedCallback	16	static
../Core/Src/main.c:141:6:SystemClock_Config	96	static
../Core/Src/main.c:188:13:MX_ADC_Init	24	static
../Core/Src/main.c:242:13:MX_TIM2_Init	32	static
../Core/Src/main.c:287:13:MX_USART1_UART_Init	8	static
../Core/Src/main.c:320:13:MX_DMA_Init	16	static
../Core/Src/main.c:338:13:MX_GPIO_Init	48	static
../Core/Src/main.c:386:6:Error_Handler	8	static,ignoring_inline_asm
