Archive member included to satisfy reference by file (symbol)

c:/data/software/stm32/cubeide/software/stm32cubeide/plugins/com.st.stm32cube.ide.mcu.externaltools.gnu-tools-for-stm32.10.3-2021.10.win32_1.0.200.202301161003/tools/bin/../lib/gcc/arm-none-eabi/10.3.1/../../../../arm-none-eabi/lib/thumb/v6-m/nofp\libc_nano.a(lib_a-errno.o)
                              ./Core/Src/syscalls.o (__errno)
c:/data/software/stm32/cubeide/software/stm32cubeide/plugins/com.st.stm32cube.ide.mcu.externaltools.gnu-tools-for-stm32.10.3-2021.10.win32_1.0.200.202301161003/tools/bin/../lib/gcc/arm-none-eabi/10.3.1/../../../../arm-none-eabi/lib/thumb/v6-m/nofp\libc_nano.a(lib_a-exit.o)
                              c:/data/software/stm32/cubeide/software/stm32cubeide/plugins/com.st.stm32cube.ide.mcu.externaltools.gnu-tools-for-stm32.10.3-2021.10.win32_1.0.200.202301161003/tools/bin/../lib/gcc/arm-none-eabi/10.3.1/../../../../arm-none-eabi/lib/thumb/v6-m/nofp/crt0.o (exit)
c:/data/software/stm32/cubeide/software/stm32cubeide/plugins/com.st.stm32cube.ide.mcu.externaltools.gnu-tools-for-stm32.10.3-2021.10.win32_1.0.200.202301161003/tools/bin/../lib/gcc/arm-none-eabi/10.3.1/../../../../arm-none-eabi/lib/thumb/v6-m/nofp\libc_nano.a(lib_a-impure.o)
                              c:/data/software/stm32/cubeide/software/stm32cubeide/plugins/com.st.stm32cube.ide.mcu.externaltools.gnu-tools-for-stm32.10.3-2021.10.win32_1.0.200.202301161003/tools/bin/../lib/gcc/arm-none-eabi/10.3.1/../../../../arm-none-eabi/lib/thumb/v6-m/nofp\libc_nano.a(lib_a-exit.o) (_global_impure_ptr)
c:/data/software/stm32/cubeide/software/stm32cubeide/plugins/com.st.stm32cube.ide.mcu.externaltools.gnu-tools-for-stm32.10.3-2021.10.win32_1.0.200.202301161003/tools/bin/../lib/gcc/arm-none-eabi/10.3.1/../../../../arm-none-eabi/lib/thumb/v6-m/nofp\libc_nano.a(lib_a-init.o)
                              c:/data/software/stm32/cubeide/software/stm32cubeide/plugins/com.st.stm32cube.ide.mcu.externaltools.gnu-tools-for-stm32.10.3-2021.10.win32_1.0.200.202301161003/tools/bin/../lib/gcc/arm-none-eabi/10.3.1/../../../../arm-none-eabi/lib/thumb/v6-m/nofp/crt0.o (__libc_init_array)
c:/data/software/stm32/cubeide/software/stm32cubeide/plugins/com.st.stm32cube.ide.mcu.externaltools.gnu-tools-for-stm32.10.3-2021.10.win32_1.0.200.202301161003/tools/bin/../lib/gcc/arm-none-eabi/10.3.1/../../../../arm-none-eabi/lib/thumb/v6-m/nofp\libc_nano.a(lib_a-memset.o)
                              c:/data/software/stm32/cubeide/software/stm32cubeide/plugins/com.st.stm32cube.ide.mcu.externaltools.gnu-tools-for-stm32.10.3-2021.10.win32_1.0.200.202301161003/tools/bin/../lib/gcc/arm-none-eabi/10.3.1/../../../../arm-none-eabi/lib/thumb/v6-m/nofp/crt0.o (memset)
c:/data/software/stm32/cubeide/software/stm32cubeide/plugins/com.st.stm32cube.ide.mcu.externaltools.gnu-tools-for-stm32.10.3-2021.10.win32_1.0.200.202301161003/tools/bin/../lib/gcc/arm-none-eabi/10.3.1/../../../../arm-none-eabi/lib/thumb/v6-m/nofp\libm.a(lib_a-s_lround.o)
                              ./Core/Src/stepper_control.o (lround)
c:/data/software/stm32/cubeide/software/stm32cubeide/plugins/com.st.stm32cube.ide.mcu.externaltools.gnu-tools-for-stm32.10.3-2021.10.win32_1.0.200.202301161003/tools/bin/../lib/gcc/arm-none-eabi/10.3.1/thumb/v6-m/nofp\libgcc.a(_udivsi3.o)
                              ./Core/Src/system_stm32f0xx.o (__aeabi_uidiv)
c:/data/software/stm32/cubeide/software/stm32cubeide/plugins/com.st.stm32cube.ide.mcu.externaltools.gnu-tools-for-stm32.10.3-2021.10.win32_1.0.200.202301161003/tools/bin/../lib/gcc/arm-none-eabi/10.3.1/thumb/v6-m/nofp\libgcc.a(_dvmd_tls.o)
                              c:/data/software/stm32/cubeide/software/stm32cubeide/plugins/com.st.stm32cube.ide.mcu.externaltools.gnu-tools-for-stm32.10.3-2021.10.win32_1.0.200.202301161003/tools/bin/../lib/gcc/arm-none-eabi/10.3.1/thumb/v6-m/nofp\libgcc.a(_udivsi3.o) (__aeabi_idiv0)
c:/data/software/stm32/cubeide/software/stm32cubeide/plugins/com.st.stm32cube.ide.mcu.externaltools.gnu-tools-for-stm32.10.3-2021.10.win32_1.0.200.202301161003/tools/bin/../lib/gcc/arm-none-eabi/10.3.1/thumb/v6-m/nofp\libgcc.a(_arm_cmpdf2.o)
                              ./Core/Src/stepper_control.o (__aeabi_dcmplt)
c:/data/software/stm32/cubeide/software/stm32cubeide/plugins/com.st.stm32cube.ide.mcu.externaltools.gnu-tools-for-stm32.10.3-2021.10.win32_1.0.200.202301161003/tools/bin/../lib/gcc/arm-none-eabi/10.3.1/thumb/v6-m/nofp\libgcc.a(_floatundidf.o)
                              ./Core/Src/stepper_control.o (__aeabi_ul2d)
c:/data/software/stm32/cubeide/software/stm32cubeide/plugins/com.st.stm32cube.ide.mcu.externaltools.gnu-tools-for-stm32.10.3-2021.10.win32_1.0.200.202301161003/tools/bin/../lib/gcc/arm-none-eabi/10.3.1/thumb/v6-m/nofp\libgcc.a(adddf3.o)
                              ./Core/Src/stepper_control.o (__aeabi_dadd)
[...]
Memory Configuration

Name             Origin             Length             Attributes
RAM              0x0000000020000000 0x0000000000001000 xrw
FLASH            0x0000000008000000 0x0000000000008000 xr
*default*        0x0000000000000000 0xffffffffffffffff

Linker script and memory map

LOAD c:/data/software/stm32/cubeide/software/stm32cubeide/plugins/com.st.stm32cube.ide.mcu.externaltools.gnu-tools-for-stm32.10.3-2021.10.win32_1.0.200.202301161003/tools/bin/../lib/gcc/arm-none-eabi/10.3.1/thumb/v6-m/nofp/crti.o
LOAD c:/data/software/stm32/cubeide/software/stm32cubeide/plugins/com.st.stm32cube.ide.mcu.externaltools.gnu-tools-for-stm32.10.3-2021.10.win32_1.0.200.202301161003/tools/bin/../lib/gcc/arm-none-eabi/10.3.1/thumb/v6-m/nofp/crtbegin.o
LOAD c:/data/software/stm32/cubeide/software/stm32cubeide/plugins/com.st.stm32cube.ide.mcu.externaltools.gnu-tools-for-stm32.10.3-2021.10.win32_1.0.200.202301161003/tools/bin/../lib/gcc/arm-none-eabi/10.3.1/../../../../arm-none-eabi/lib/thumb/v6-m/nofp/crt0.o
LOAD ./Core/Src/cmd.o
LOAD ./Core/Src/debug_FZ.o
LOAD ./Core/Src/main.o
LOAD ./Core/Src/stepper_control.o
LOAD ./Core/Src/stm32f0xx_hal_msp.o
LOAD ./Core/Src/stm32f0xx_it.o
LOAD ./Core/Src/syscalls.o
LOAD ./Core/Src/sysmem.o
LOAD ./Core/Src/system_stm32f0xx.o
LOAD ./Core/Startup/startup_stm32f031f6px.o
LOAD ./Drivers/STM32F0xx_HAL_Driver/Src/stm32f0xx_hal.o
LOAD ./Drivers/STM32F0xx_HAL_Driver/Src/stm32f0xx_hal_adc.o
LOAD ./Drivers/STM32F0xx_HAL_Driver/Src/stm32f0xx_hal_adc_ex.o
LOAD ./Drivers/STM32F0xx_HAL_Driver/Src/stm32f0xx_hal_cortex.o
LOAD ./Drivers/STM32F0xx_HAL_Driver/Src/stm32f0xx_hal_dma.o
LOAD ./Drivers/STM32F0xx_HAL_Driver/Src/stm32f0xx_hal_exti.o
LOAD ./Drivers/STM32F0xx_HAL_Driver/Src/stm32f0xx_hal_flash.o
LOAD ./Drivers/STM32F0xx_HAL_Driver/Src/stm32f0xx_hal_flash_ex.o
LOAD ./Drivers/STM32F0xx_HAL_Driver/Src/stm32f0xx_hal_gpio.o
LOAD ./Drivers/STM32F0xx_HAL_Driver/Src/stm32f0xx_hal_i2c.o
LOAD ./Drivers/STM32F0xx_HAL_Driver/Src/stm32f0xx_hal_i2c_ex.o
LOAD ./Drivers/STM32F0xx_HAL_Driver/Src/stm32f0xx_hal_pwr.o
LOAD ./Drivers/STM32F0xx_HAL_Driver/Src/stm32f0xx_hal_pwr_ex.o
LOAD ./Drivers/STM32F0xx_HAL_Driver/Src/stm32f0xx_hal_rcc.o
LOAD ./Drivers/STM32F0xx_HAL_Driver/Src/stm32f0xx_hal_rcc_ex.o
LOAD ./Drivers/STM32F0xx_HAL_Driver/Src/stm32f0xx_hal_tim.o
LOAD ./Drivers/STM32F0xx_HAL_Driver/Src/stm32f0xx_hal_tim_ex.o
LOAD ./Drivers/STM32F0xx_HAL_Driver/Src/stm32f0xx_hal_uart.o
LOAD ./Drivers/STM32F0xx_HAL_Driver/Src/stm32f0xx_hal_uart_ex.o
START GROUP
LOAD c:/data/software/stm32/cubeide/software/stm32cubeide/plugins/com.st.stm32cube.ide.mcu.externaltools.gnu-tools-for-stm32.10.3-2021.10.win32_1.0.200.202301161003/tools/bin/../lib/gcc/arm-none-eabi/10.3.1/../../../../arm-none-eabi/lib/thumb/v6-m/nofp\libc_nano.a
LOAD c:/data/software/stm32/cubeide/software/stm32cubeide/plugins/com.st.stm32cube.ide.mcu.externaltools.gnu-tools-for-stm32.10.3-2021.10.win32_1.0.200.202301161003/tools/bin/../lib/gcc/arm-none-eabi/10.3.1/../../../../arm-none-eabi/lib/thumb/v6-m/nofp\libm.a
END GROUP
START GROUP
LOAD c:/data/software/stm32/cubeide/software/stm32cubeide/plugins/com.st.stm32cube.ide.mcu.externaltools.gnu-tools-for-stm32.10.3-2021.10.win32_1.0.200.202301161003/tools/bin/../lib/gcc/arm-none-eabi/10.3.1/thumb/v6-m/nofp\libgcc.a
LOAD c:/data/software/stm32/cubeide/software/stm32cubeide/plugins/com.st.stm32cube.ide.mcu.externaltools.gnu-tools-for-stm32.10.3-2021.10.win32_1.0.200.202301161003/tools/bin/../lib/gcc/arm-none-eabi/10.3.1/../../../../arm-none-eabi/lib/thumb/v6-m/nofp\libc_nano.a
END GROUP
START GROUP
LOAD c:/data/software/stm32/cubeide/software/stm32cubeide/plugins/com.st.stm32cube.ide.mcu.externaltools.gnu-tools-for-stm32.10.3-2021.10.win32_1.0.200.202301161003/tools/bin/../lib/gcc/arm-none-eabi/10.3.1/thumb/v6-m/nofp\libgcc.a
LOAD c:/data/software/stm32/cubeide/software/stm32cubeide/plugins/com.st.stm32cube.ide.mcu.externaltools.gnu-tools-for-stm32.10.3-2021.10.win32_1.0.200.202301161003/tools/bin/../lib/gcc/arm-none-eabi/10.3.1/../../../../arm-none-eabi/lib/thumb/v6-m/nofp\libc_nano.a
LOAD c:/data/software/stm32/cubeide/software/stm32cubeide/plugins/com.st.stm32cube.ide.mcu.externaltools.gnu-tools-for-stm32.10.3-2021.10.win32_1.0.200.202301161003/tools/bin/../lib/gcc/arm-none-eabi/10.3.1/../../../../arm-none-eabi/lib/thumb/v6-m/nofp\libnosys.a
END GROUP
START GROUP
LOAD c:/data/software/stm32/cubeide/software/stm32cubeide/plugins/com.st.stm32cube.ide.mcu.externaltools.gnu-tools-for-stm32.10.3-2021.10.win32_1.0.200.202301161003/tools/bin/../lib/gcc/arm-none-eabi/10.3.1/thumb/v6-m/nofp\libgcc.a
LOAD c:/data/software/stm32/cubeide/software/stm32cubeide/plugins/com.st.stm32cube.ide.mcu.externaltools.gnu-tools-for-stm32.10.3-2021.10.win32_1.0.200.202301161003/tools/bin/../lib/gcc/arm-none-eabi/10.3.1/../../../../arm-none-eabi/lib/thumb/v6-m/nofp\libc_nano.a
LOAD c:/data/software/stm32/cubeide/software/stm32cubeide/plugins/com.st.stm32cube.ide.mcu.externaltools.gnu-tools-for-stm32.10.3-2021.10.win32_1.0.200.202301161003/tools/bin/../lib/gcc/arm-none-eabi/10.3.1/../../../../arm-none-eabi/lib/thumb/v6-m/nofp\libnosys.a
END GROUP
LOAD c:/data/software/stm32/cubeide/software/stm32cubeide/plugins/com.st.stm32cube.ide.mcu.externaltools.gnu-tools-for-stm32.10.3-2021.10.win32_1.0.200.202301161003/tools/bin/../lib/gcc/arm-none-eabi/10.3.1/thumb/v6-m/nofp/crtend.o
LOAD c:/data/software/stm32/cubeide/software/stm32cubeide/plugins/com.st.stm32cube.ide.mcu.externaltools.gnu-tools-for-stm32.10.3-2021.10.win32_1.0.200.202301161003/tools/bin/../lib/gcc/arm-none-eabi/10.3.1/thumb/v6-m/nofp/crtn.o
                0x0000000020001000                _estack = (ORIGIN (RAM) + LENGTH (RAM))
                0x0000000000000200                _Min_Heap_Size = 0x200
                0x0000000000000400                _Min_Stack_Size = 0x400

.isr_vector     0x0000000008000000       0xc0
                0x0000000008000000                . = ALIGN (0x4)
 *(.isr_vector)
 .isr_vector    0x0000000008000000       0xc0 ./Core/Startup/startup_stm32f031f6px.o
                0x0000000008000000                g_pfnVectors
                0x00000000080000c0                . = ALIGN (0x4)

.text           0x00000000080000c0     0x569c
                0x00000000080000c0                . = ALIGN (0x4)
 *(.text)
 .text          0x00000000080000c0       0x48 c:/data/software/stm32/cubeide/software/stm32cubeide/plugins/com.st.stm32cube.ide.mcu.externaltools.gnu-tools-for-stm32.10.3-2021.10.win32_1.0.200.202301161003/tools/bin/../lib/gcc/arm-none-eabi/10.3.1/thumb/v6-m/nofp/crtbegin.o
 .text          0x0000000008000108      0x114 c:/data/software/stm32/cubeide/software/stm32cubeide/plugins/com.st.stm32cube.ide.mcu.externaltools.gnu-tools-for-stm32.10.3-2021.10.win32_1.0.200.202301161003/tools/bin/../lib/gcc/arm-none-eabi/10.3.1/thumb/v6-m/nofp\libgcc.a(_udivsi3.o)
                0x0000000008000108                __aeabi_uidiv
                0x0000000008000108                __udivsi3
                0x0000000008000214                __aeabi_uidivmod
 .text          0x000000000800021c        0x4 c:/data/software/stm32/cubeide/software/stm32cubeide/plugins/com.st.stm32cube.ide.mcu.externaltools.gnu-tools-for-stm32.10.3-2021.10.win32_1.0.200.202301161003/tools/bin/../lib/gcc/arm-none-eabi/10.3.1/thumb/v6-m/nofp\libgcc.a(_dvmd_tls.o)
                0x000000000800021c                __aeabi_idiv0
                0x000000000800021c                __aeabi_ldiv0
 .text          0x0000000008000220       0x7c c:/data/software/stm32/cubeide/software/stm32cubeide/plugins/com.st.stm32cube.ide.mcu.externaltools.gnu-tools-for-stm32.10.3-2021.10.win32_1.0.200.202301161003/tools/bin/../lib/gcc/arm-none-eabi/10.3.1/thumb/v6-m/nofp\libgcc.a(_arm_cmpdf2.o)
                0x0000000008000220                __aeabi_cdrcmple
                0x0000000008000230                __aeabi_cdcmple
                0x0000000008000230                __aeabi_cdcmpeq
                0x0000000008000240                __aeabi_dcmpeq
                0x000000000800024c                __aeabi_dcmplt
                0x0000000008000260                __aeabi_dcmple
                0x0000000008000274                __aeabi_dcmpgt
                0x0000000008000288                __aeabi_dcmpge
 .text          0x000000000800029c       0x2c c:/data/software/stm32/cubeide/software/stm32cubeide/plugins/com.st.stm32cube.ide.mcu.externaltools.gnu-tools-for-stm32.10.3-2021.10.win32_1.0.200.202301161003/tools/bin/../lib/gcc/arm-none-eabi/10.3.1/thumb/v6-m/nofp\libgcc.a(_floatundidf.o)
                0x000000000800029c                __floatundidf
                0x000000000800029c                __aeabi_ul2d
 .text          0x00000000080002c8      0x678 c:/data/software/stm32/cubeide/software/stm32cubeide/plugins/com.st.stm32cube.ide.mcu.externaltools.gnu-tools-for-stm32.10.3-2021.10.win32_1.0.200.202301161003/tools/bin/../lib/gcc/arm-none-eabi/10.3.1/thumb/v6-m/nofp\libgcc.a(adddf3.o)
                0x00000000080002c8                __aeabi_dadd
 .text          0x0000000008000940      0x5ec c:/data/software/stm32/cubeide/software/stm32cubeide/plugins/com.st.stm32cube.ide.mcu.externaltools.gnu-tools-for-stm32.10.3-2021.10.win32_1.0.200.202301161003/tools/bin/../lib/gcc/arm-none-eabi/10.3.1/thumb/v6-m/nofp\libgcc.a(divdf3.o)
                0x0000000008000940                __aeabi_ddiv
 .text          0x0000000008000f2c       0x84 c:/data/software/stm32/cubeide/software/stm32cubeide/plugins/com.st.stm32cube.ide.mcu.externaltools.gnu-tools-for-stm32.10.3-2021.10.win32_1.0.200.202301161003/tools/bin/../lib/gcc/arm-none-eabi/10.3.1/thumb/v6-m/nofp\libgcc.a(eqdf2.o)
                0x0000000008000f2c                __nedf2
                0x0000000008000f2c                __eqdf2
 .text          0x0000000008000fb0       0xcc c:/data/software/stm32/cubeide/software/stm32cubeide/plugins/com.st.stm32cube.ide.mcu.externaltools.gnu-tools-for-stm32.10.3-2021.10.win32_1.0.200.202301161003/tools/bin/../lib/gcc/arm-none-eabi/10.3.1/thumb/v6-m/nofp\libgcc.a(gedf2.o)
                0x0000000008000fb0                __gedf2
                0x0000000008000fb0                __gtdf2
 .text          0x000000000800107c       0xc8 c:/data/software/stm32/cubeide/software/stm32cubeide/plugins/com.st.stm32cube.ide.mcu.externaltools.gnu-tools-for-stm32.10.3-2021.10.win32_1.0.200.202301161003/tools/bin/../lib/gcc/arm-none-eabi/10.3.1/thumb/v6-m/nofp\libgcc.a(ledf2.o)
                0x000000000800107c                __ledf2
                0x000000000800107c                __ltdf2
 .text          0x0000000008001144      0x4d8 c:/data/software/stm32/cubeide/software/stm32cubeide/plugins/com.st.stm32cube.ide.mcu.externaltools.gnu-tools-for-stm32.10.3-2021.10.win32_1.0.200.202301161003/tools/bin/../lib/gcc/arm-none-eabi/10.3.1/thumb/v6-m/nofp\libgcc.a(muldf3.o)
                0x0000000008001144                __aeabi_dmul
 .text          0x000000000800161c      0x724 c:/data/software/stm32/cubeide/software/stm32cubeide/plugins/com.st.stm32cube.ide.mcu.externaltools.gnu-tools-for-stm32.10.3-2021.10.win32_1.0.200.202301161003/tools/bin/../lib/gcc/arm-none-eabi/10.3.1/thumb/v6-m/nofp\libgcc.a(subdf3.o)
                0x000000000800161c                __aeabi_dsub
 .text          0x0000000008001d40       0x6c c:/data/software/stm32/cubeide/software/stm32cubeide/plugins/com.st.stm32cube.ide.mcu.externaltools.gnu-tools-for-stm32.10.3-2021.10.win32_1.0.200.202301161003/tools/bin/../lib/gcc/arm-none-eabi/10.3.1/thumb/v6-m/nofp\libgcc.a(fixdfsi.o)
                0x0000000008001d40                __aeabi_d2iz
 .text          0x0000000008001dac       0x60 c:/data/software/stm32/cubeide/software/stm32cubeide/plugins/com.st.stm32cube.ide.mcu.externaltools.gnu-tools-for-stm32.10.3-2021.10.win32_1.0.200.202301161003/tools/bin/../lib/gcc/arm-none-eabi/10.3.1/thumb/v6-m/nofp\libgcc.a(floatsidf.o)
                0x0000000008001dac                __aeabi_i2d
 .text          0x0000000008001e0c       0x4c c:/data/software/stm32/cubeide/software/stm32cubeide/plugins/com.st.stm32cube.ide.mcu.externaltools.gnu-tools-for-stm32.10.3-2021.10.win32_1.0.200.202301161003/tools/bin/../lib/gcc/arm-none-eabi/10.3.1/thumb/v6-m/nofp\libgcc.a(floatunsidf.o)
                0x0000000008001e0c                __aeabi_ui2d
 .text          0x0000000008001e58       0x3c c:/data/software/stm32/cubeide/software/stm32cubeide/plugins/com.st.stm32cube.ide.mcu.externaltools.gnu-tools-for-stm32.10.3-2021.10.win32_1.0.200.202301161003/tools/bin/../lib/gcc/arm-none-eabi/10.3.1/thumb/v6-m/nofp\libgcc.a(_clzsi2.o)
                0x0000000008001e58                __clzsi2
 *(.text*)
 .text.MX_USART1_UART_Init
                0x0000000008001e94       0x60 ./Core/Src/cmd.o
                0x0000000008001e94                MX_USART1_UART_Init
 .text.HAL_UART_RxCpltCallback
                0x0000000008001ef4       0x34 ./Core/Src/cmd.o
                0x0000000008001ef4                HAL_UART_RxCpltCallback
 .text.DMA_init
                0x0000000008001f28       0x3c ./Core/Src/cmd.o
                0x0000000008001f28                DMA_init
 .text.Parse_CMD
                0x0000000008001f64      0x144 ./Core/Src/cmd.o
                0x0000000008001f64                Parse_CMD
 .text.flash_led_once
                0x00000000080020a8       0x34 ./Core/Src/debug_FZ.o
                0x00000000080020a8                flash_led_once
 .text.main     0x00000000080020dc       0x68 ./Core/Src/main.o
                0x00000000080020dc                main
 .text.SystemClock_Config
                0x0000000008002144       0xca ./Core/Src/main.o
                0x0000000008002144                SystemClock_Config
 *fill*         0x000000000800220e        0x2 
 .text.MX_ADC_Init
                0x0000000008002210       0xb8 ./Core/Src/main.o
 .text.MX_TIM2_Init
                0x00000000080022c8       0xa4 ./Core/Src/main.o
 .text.MX_DMA_Init
                0x000000000800236c       0x3c ./Core/Src/main.o
 .text.MX_GPIO_Init
                0x00000000080023a8      0x104 ./Core/Src/main.o
 .text.Error_Handler
                0x00000000080024ac        0xa ./Core/Src/main.o
                0x00000000080024ac                Error_Handler
 *fill*         0x00000000080024b6        0x2 
 .text.stepper_init
                0x00000000080024b8       0x88 ./Core/Src/stepper_control.o
                0x00000000080024b8                stepper_init
 .text.HAL_TIM_PeriodElapsedCallback
                0x0000000008002540       0x48 ./Core/Src/stepper_control.o
                0x0000000008002540                HAL_TIM_PeriodElapsedCallback
 .text.calc_speed
                0x0000000008002588      0x160 ./Core/Src/stepper_control.o
                0x0000000008002588                calc_speed
 .text.move_steps
                0x00000000080026e8       0xd8 ./Core/Src/stepper_control.o
                0x00000000080026e8                move_steps
 .text.HAL_MspInit
                0x00000000080027c0       0x48 ./Core/Src/stm32f0xx_hal_msp.o
                0x00000000080027c0                HAL_MspInit
 .text.HAL_ADC_MspInit
                0x0000000008002808       0x40 ./Core/Src/stm32f0xx_hal_msp.o
                0x0000000008002808                HAL_ADC_MspInit
 .text.HAL_TIM_Base_MspInit
                0x0000000008002848       0x48 ./Core/Src/stm32f0xx_hal_msp.o
                0x0000000008002848                HAL_TIM_Base_MspInit
 .text.HAL_UART_MspInit
                0x0000000008002890       0xec ./Core/Src/stm32f0xx_hal_msp.o
                0x0000000008002890                HAL_UART_MspInit
 .text.NMI_Handler
                0x000000000800297c        0x6 ./Core/Src/stm32f0xx_it.o
                0x000000000800297c                NMI_Handler
 .text.HardFault_Handler
                0x0000000008002982        0x6 ./Core/Src/stm32f0xx_it.o
                0x0000000008002982                HardFault_Handler
 .text.SVC_Handler
                0x0000000008002988        0xa ./Core/Src/stm32f0xx_it.o
                0x0000000008002988                SVC_Handler
 .text.PendSV_Handler
                0x0000000008002992        0xa ./Core/Src/stm32f0xx_it.o
                0x0000000008002992                PendSV_Handler
 .text.SysTick_Handler
                0x000000000800299c        0xe ./Core/Src/stm32f0xx_it.o
                0x000000000800299c                SysTick_Handler
 *fill*         0x00000000080029aa        0x2 
 .text.DMA1_Channel2_3_IRQHandler
                0x00000000080029ac       0x18 ./Core/Src/stm32f0xx_it.o
                0x00000000080029ac                DMA1_Channel2_3_IRQHandler
 .text.TIM2_IRQHandler
                0x00000000080029c4       0x18 ./Core/Src/stm32f0xx_it.o
                0x00000000080029c4                TIM2_IRQHandler
 .text.SystemInit
                0x00000000080029dc        0xa ./Core/Src/system_stm32f0xx.o
                0x00000000080029dc                SystemInit
 *fill*         0x00000000080029e6        0x2 
 .text.Reset_Handler
                0x00000000080029e8       0x50 ./Core/Startup/startup_stm32f031f6px.o
                0x00000000080029e8                Reset_Handler
 .text.Default_Handler
                0x0000000008002a38        0x2 ./Core/Startup/startup_stm32f031f6px.o
                0x0000000008002a38                TIM1_CC_IRQHandler
                0x0000000008002a38                PVD_IRQHandler
                0x0000000008002a38                I2C1_IRQHandler
                0x0000000008002a38                SPI1_IRQHandler
                0x0000000008002a38                EXTI2_3_IRQHandler
                0x0000000008002a38                ADC1_IRQHandler
                0x0000000008002a38                TIM17_IRQHandler
                0x0000000008002a38                RTC_IRQHandler
                0x0000000008002a38                TIM16_IRQHandler
                0x0000000008002a38                TIM3_IRQHandler
                0x0000000008002a38                EXTI4_15_IRQHandler
                0x0000000008002a38                RCC_IRQHandler
                0x0000000008002a38                DMA1_Channel1_IRQHandler
                0x0000000008002a38                Default_Handler
                0x0000000008002a38                TIM14_IRQHandler
                0x0000000008002a38                DMA1_Channel4_5_IRQHandler
                0x0000000008002a38                EXTI0_1_IRQHandler
                0x0000000008002a38                WWDG_IRQHandler
                0x0000000008002a38                FLASH_IRQHandler
                0x0000000008002a38                USART1_IRQHandler
                0x0000000008002a38                TIM1_BRK_UP_TRG_COM_IRQHandler
 *fill*         0x0000000008002a3a        0x2 
 .text.HAL_Init
                0x0000000008002a3c       0x28 ./Drivers/STM32F0xx_HAL_Driver/Src/stm32f0xx_hal.o
                0x0000000008002a3c                HAL_Init
 .text.HAL_InitTick
                0x0000000008002a64       0x68 ./Drivers/STM32F0xx_HAL_Driver/Src/stm32f0xx_hal.o
                0x0000000008002a64                HAL_InitTick
 .text.HAL_IncTick
                0x0000000008002acc       0x24 ./Drivers/STM32F0xx_HAL_Driver/Src/stm32f0xx_hal.o
                0x0000000008002acc                HAL_IncTick
 .text.HAL_GetTick
                0x0000000008002af0       0x14 ./Drivers/STM32F0xx_HAL_Driver/Src/stm32f0xx_hal.o
                0x0000000008002af0                HAL_GetTick
 .text.HAL_Delay
                0x0000000008002b04       0x48 ./Drivers/STM32F0xx_HAL_Driver/Src/stm32f0xx_hal.o
                0x0000000008002b04                HAL_Delay
 .text.HAL_ADC_Init
                0x0000000008002b4c      0x280 ./Drivers/STM32F0xx_HAL_Driver/Src/stm32f0xx_hal_adc.o
                0x0000000008002b4c                HAL_ADC_Init
 .text.HAL_ADC_ConfigChannel
                0x0000000008002dcc      0x21c ./Drivers/STM32F0xx_HAL_Driver/Src/stm32f0xx_hal_adc.o
                0x0000000008002dcc                HAL_ADC_ConfigChannel
 .text.__NVIC_EnableIRQ
                0x0000000008002fe8       0x34 ./Drivers/STM32F0xx_HAL_Driver/Src/stm32f0xx_hal_cortex.o
 .text.__NVIC_SetPriority
                0x000000000800301c       0xdc ./Drivers/STM32F0xx_HAL_Driver/Src/stm32f0xx_hal_cortex.o
 .text.SysTick_Config
                0x00000000080030f8       0x48 ./Drivers/STM32F0xx_HAL_Driver/Src/stm32f0xx_hal_cortex.o
 .text.HAL_NVIC_SetPriority
                0x0000000008003140       0x2a ./Drivers/STM32F0xx_HAL_Driver/Src/stm32f0xx_hal_cortex.o
                0x0000000008003140                HAL_NVIC_SetPriority
 .text.HAL_NVIC_EnableIRQ
                0x000000000800316a       0x20 ./Drivers/STM32F0xx_HAL_Driver/Src/stm32f0xx_hal_cortex.o
                0x000000000800316a                HAL_NVIC_EnableIRQ
 .text.HAL_SYSTICK_Config
                0x000000000800318a       0x1a ./Drivers/STM32F0xx_HAL_Driver/Src/stm32f0xx_hal_cortex.o
                0x000000000800318a                HAL_SYSTICK_Config
 .text.HAL_DMA_Init
                0x00000000080031a4       0x90 ./Drivers/STM32F0xx_HAL_Driver/Src/stm32f0xx_hal_dma.o
                0x00000000080031a4                HAL_DMA_Init
 .text.HAL_DMA_Start_IT
                0x0000000008003234       0xcc ./Drivers/STM32F0xx_HAL_Driver/Src/stm32f0xx_hal_dma.o
                0x0000000008003234                HAL_DMA_Start_IT
 .text.HAL_DMA_IRQHandler
                0x0000000008003300      0x144 ./Drivers/STM32F0xx_HAL_Driver/Src/stm32f0xx_hal_dma.o
                0x0000000008003300                HAL_DMA_IRQHandler
 .text.DMA_SetConfig
                0x0000000008003444       0x58 ./Drivers/STM32F0xx_HAL_Driver/Src/stm32f0xx_hal_dma.o
 .text.DMA_CalcBaseAndBitshift
                0x000000000800349c       0x38 ./Drivers/STM32F0xx_HAL_Driver/Src/stm32f0xx_hal_dma.o
 .text.HAL_GPIO_Init
                0x00000000080034d4      0x2d0 ./Drivers/STM32F0xx_HAL_Driver/Src/stm32f0xx_hal_gpio.o
                0x00000000080034d4                HAL_GPIO_Init
 .text.HAL_GPIO_WritePin
                0x00000000080037a4       0x3a ./Drivers/STM32F0xx_HAL_Driver/Src/stm32f0xx_hal_gpio.o
                0x00000000080037a4                HAL_GPIO_WritePin
 .text.HAL_GPIO_TogglePin
                0x00000000080037de       0x36 ./Drivers/STM32F0xx_HAL_Driver/Src/stm32f0xx_hal_gpio.o
                0x00000000080037de                HAL_GPIO_TogglePin
 .text.HAL_RCC_OscConfig
                0x0000000008003814      0x634 ./Drivers/STM32F0xx_HAL_Driver/Src/stm32f0xx_hal_rcc.o
                0x0000000008003814                HAL_RCC_OscConfig
 .text.HAL_RCC_ClockConfig
                0x0000000008003e48      0x19c ./Drivers/STM32F0xx_HAL_Driver/Src/stm32f0xx_hal_rcc.o
                0x0000000008003e48                HAL_RCC_ClockConfig
 .text.HAL_RCC_GetSysClockFreq
                0x0000000008003fe4       0xac ./Drivers/STM32F0xx_HAL_Driver/Src/stm32f0xx_hal_rcc.o
                0x0000000008003fe4                HAL_RCC_GetSysClockFreq
 .text.HAL_RCC_GetHCLKFreq
                0x0000000008004090       0x14 ./Drivers/STM32F0xx_HAL_Driver/Src/stm32f0xx_hal_rcc.o
                0x0000000008004090                HAL_RCC_GetHCLKFreq
 .text.HAL_RCC_GetPCLK1Freq
                0x00000000080040a4       0x2c ./Drivers/STM32F0xx_HAL_Driver/Src/stm32f0xx_hal_rcc.o
                0x00000000080040a4                HAL_RCC_GetPCLK1Freq
 .text.HAL_RCCEx_PeriphCLKConfig
                0x00000000080040d0      0x19c ./Drivers/STM32F0xx_HAL_Driver/Src/stm32f0xx_hal_rcc_ex.o
                0x00000000080040d0                HAL_RCCEx_PeriphCLKConfig
 .text.HAL_TIM_Base_Init
                0x000000000800426c       0xa0 ./Drivers/STM32F0xx_HAL_Driver/Src/stm32f0xx_hal_tim.o
                0x000000000800426c                HAL_TIM_Base_Init
 .text.HAL_TIM_Base_Start_IT
                0x000000000800430c       0x98 ./Drivers/STM32F0xx_HAL_Driver/Src/stm32f0xx_hal_tim.o
                0x000000000800430c                HAL_TIM_Base_Start_IT
 .text.HAL_TIM_IRQHandler
                0x00000000080043a4      0x22c ./Drivers/STM32F0xx_HAL_Driver/Src/stm32f0xx_hal_tim.o
                0x00000000080043a4                HAL_TIM_IRQHandler
 .text.HAL_TIM_ConfigClockSource
                0x00000000080045d0      0x1a8 ./Drivers/STM32F0xx_HAL_Driver/Src/stm32f0xx_hal_tim.o
                0x00000000080045d0                HAL_TIM_ConfigClockSource
 .text.HAL_TIM_OC_DelayElapsedCallback
                0x0000000008004778       0x10 ./Drivers/STM32F0xx_HAL_Driver/Src/stm32f0xx_hal_tim.o
                0x0000000008004778                HAL_TIM_OC_DelayElapsedCallback
 .text.HAL_TIM_IC_CaptureCallback
                0x0000000008004788       0x10 ./Drivers/STM32F0xx_HAL_Driver/Src/stm32f0xx_hal_tim.o
                0x0000000008004788                HAL_TIM_IC_CaptureCallback
 .text.HAL_TIM_PWM_PulseFinishedCallback
                0x0000000008004798       0x10 ./Drivers/STM32F0xx_HAL_Driver/Src/stm32f0xx_hal_tim.o
                0x0000000008004798                HAL_TIM_PWM_PulseFinishedCallback
 .text.HAL_TIM_TriggerCallback
                0x00000000080047a8       0x10 ./Drivers/STM32F0xx_HAL_Driver/Src/stm32f0xx_hal_tim.o
                0x00000000080047a8                HAL_TIM_TriggerCallback
 .text.TIM_Base_SetConfig
                0x00000000080047b8       0xec ./Drivers/STM32F0xx_HAL_Driver/Src/stm32f0xx_hal_tim.o
                0x00000000080047b8                TIM_Base_SetConfig
 .text.TIM_TI1_ConfigInputStage
                0x00000000080048a4       0x5c ./Drivers/STM32F0xx_HAL_Driver/Src/stm32f0xx_hal_tim.o
 .text.TIM_TI2_ConfigInputStage
                0x0000000008004900       0x64 ./Drivers/STM32F0xx_HAL_Driver/Src/stm32f0xx_hal_tim.o
 .text.TIM_ITRx_SetConfig
                0x0000000008004964       0x32 ./Drivers/STM32F0xx_HAL_Driver/Src/stm32f0xx_hal_tim.o
 *fill*         0x0000000008004996        0x2 
 .text.TIM_ETR_SetConfig
                0x0000000008004998       0x40 ./Drivers/STM32F0xx_HAL_Driver/Src/stm32f0xx_hal_tim.o
                0x0000000008004998                TIM_ETR_SetConfig
 .text.HAL_TIMEx_MasterConfigSynchronization
                0x00000000080049d8       0xb0 ./Drivers/STM32F0xx_HAL_Driver/Src/stm32f0xx_hal_tim_ex.o
                0x00000000080049d8                HAL_TIMEx_MasterConfigSynchronization
 .text.HAL_TIMEx_CommutCallback
                0x0000000008004a88       0x10 ./Drivers/STM32F0xx_HAL_Driver/Src/stm32f0xx_hal_tim_ex.o
                0x0000000008004a88                HAL_TIMEx_CommutCallback
 .text.HAL_TIMEx_BreakCallback
                0x0000000008004a98       0x10 ./Drivers/STM32F0xx_HAL_Driver/Src/stm32f0xx_hal_tim_ex.o
                0x0000000008004a98                HAL_TIMEx_BreakCallback
 .text.HAL_UART_Init
                0x0000000008004aa8       0xa8 ./Drivers/STM32F0xx_HAL_Driver/Src/stm32f0xx_hal_uart.o
                0x0000000008004aa8                HAL_UART_Init
 .text.HAL_UART_Receive_DMA
                0x0000000008004b50       0xae ./Drivers/STM32F0xx_HAL_Driver/Src/stm32f0xx_hal_uart.o
                0x0000000008004b50                HAL_UART_Receive_DMA
 .text.HAL_UART_RxHalfCpltCallback
                0x0000000008004bfe       0x10 ./Drivers/STM32F0xx_HAL_Driver/Src/stm32f0xx_hal_uart.o
                0x0000000008004bfe                HAL_UART_RxHalfCpltCallback
 .text.HAL_UART_ErrorCallback
                0x0000000008004c0e       0x10 ./Drivers/STM32F0xx_HAL_Driver/Src/stm32f0xx_hal_uart.o
                0x0000000008004c0e                HAL_UART_ErrorCallback
 .text.HAL_UARTEx_RxEventCallback
                0x0000000008004c1e       0x16 ./Drivers/STM32F0xx_HAL_Driver/Src/stm32f0xx_hal_uart.o
                0x0000000008004c1e                HAL_UARTEx_RxEventCallback
 .text.UART_SetConfig
                0x0000000008004c34      0x250 ./Drivers/STM32F0xx_HAL_Driver/Src/stm32f0xx_hal_uart.o
                0x0000000008004c34                UART_SetConfig
 .text.UART_AdvFeatureConfig
                0x0000000008004e84      0x168 ./Drivers/STM32F0xx_HAL_Driver/Src/stm32f0xx_hal_uart.o
                0x0000000008004e84                UART_AdvFeatureConfig
 .text.UART_CheckIdleState
                0x0000000008004fec      0x150 ./Drivers/STM32F0xx_HAL_Driver/Src/stm32f0xx_hal_uart.o
                0x0000000008004fec                UART_CheckIdleState
 .text.UART_WaitOnFlagUntilTimeout
                0x000000000800513c       0xd2 ./Drivers/STM32F0xx_HAL_Driver/Src/stm32f0xx_hal_uart.o
                0x000000000800513c                UART_WaitOnFlagUntilTimeout
 *fill*         0x000000000800520e        0x2 
 .text.UART_Start_Receive_DMA
                0x0000000008005210      0x140 ./Drivers/STM32F0xx_HAL_Driver/Src/stm32f0xx_hal_uart.o
                0x0000000008005210                UART_Start_Receive_DMA
 .text.UART_EndTxTransfer
                0x0000000008005350       0x48 ./Drivers/STM32F0xx_HAL_Driver/Src/stm32f0xx_hal_uart.o
 .text.UART_EndRxTransfer
                0x0000000008005398       0xc8 ./Drivers/STM32F0xx_HAL_Driver/Src/stm32f0xx_hal_uart.o
 .text.UART_DMAReceiveCplt
                0x0000000008005460      0x12c ./Drivers/STM32F0xx_HAL_Driver/Src/stm32f0xx_hal_uart.o
 .text.UART_DMARxHalfCplt
                0x000000000800558c       0x42 ./Drivers/STM32F0xx_HAL_Driver/Src/stm32f0xx_hal_uart.o
 .text.UART_DMAError
                0x00000000080055ce       0x84 ./Drivers/STM32F0xx_HAL_Driver/Src/stm32f0xx_hal_uart.o
 *fill*         0x0000000008005652        0x2 
 .text.__libc_init_array
                0x0000000008005654       0x48 c:/data/software/stm32/cubeide/software/stm32cubeide/plugins/com.st.stm32cube.ide.mcu.externaltools.gnu-tools-for-stm32.10.3-2021.10.win32_1.0.200.202301161003/tools/bin/../lib/gcc/arm-none-eabi/10.3.1/../../../../arm-none-eabi/lib/thumb/v6-m/nofp\libc_nano.a(lib_a-init.o)
                0x0000000008005654                __libc_init_array
 .text.memset   0x000000000800569c       0x10 c:/data/software/stm32/cubeide/software/stm32cubeide/plugins/com.st.stm32cube.ide.mcu.externaltools.gnu-tools-for-stm32.10.3-2021.10.win32_1.0.200.202301161003/tools/bin/../lib/gcc/arm-none-eabi/10.3.1/../../../../arm-none-eabi/lib/thumb/v6-m/nofp\libc_nano.a(lib_a-memset.o)
                0x000000000800569c                memset
 .text.lround   0x00000000080056ac       0x98 c:/data/software/stm32/cubeide/software/stm32cubeide/plugins/com.st.stm32cube.ide.mcu.externaltools.gnu-tools-for-stm32.10.3-2021.10.win32_1.0.200.202301161003/tools/bin/../lib/gcc/arm-none-eabi/10.3.1/../../../../arm-none-eabi/lib/thumb/v6-m/nofp\libm.a(lib_a-s_lround.o)
                0x00000000080056ac                lround
 *(.glue_7)
 .glue_7        0x0000000008005744        0x0 linker stubs
 *(.glue_7t)
 .glue_7t       0x0000000008005744        0x0 linker stubs
 *(.eh_frame)
 .eh_frame      0x0000000008005744        0x0 c:/data/software/stm32/cubeide/software/stm32cubeide/plugins/com.st.stm32cube.ide.mcu.externaltools.gnu-tools-for-stm32.10.3-2021.10.win32_1.0.200.202301161003/tools/bin/../lib/gcc/arm-none-eabi/10.3.1/thumb/v6-m/nofp/crtbegin.o
 *(.init)
 .init          0x0000000008005744        0x4 c:/data/software/stm32/cubeide/software/stm32cubeide/plugins/com.st.stm32cube.ide.mcu.externaltools.gnu-tools-for-stm32.10.3-2021.10.win32_1.0.200.202301161003/tools/bin/../lib/gcc/arm-none-eabi/10.3.1/thumb/v6-m/nofp/crti.o
                0x0000000008005744                _init
 .init          0x0000000008005748        0x8 c:/data/software/stm32/cubeide/software/stm32cubeide/plugins/com.st.stm32cube.ide.mcu.externaltools.gnu-tools-for-stm32.10.3-2021.10.win32_1.0.200.202301161003/tools/bin/../lib/gcc/arm-none-eabi/10.3.1/thumb/v6-m/nofp/crtn.o
 *(.fini)
 .fini          0x0000000008005750        0x4 c:/data/software/stm32/cubeide/software/stm32cubeide/plugins/com.st.stm32cube.ide.mcu.externaltools.gnu-tools-for-stm32.10.3-2021.10.win32_1.0.200.202301161003/tools/bin/../lib/gcc/arm-none-eabi/10.3.1/thumb/v6-m/nofp/crti.o
                0x0000000008005750                _fini
 .fini          0x0000000008005754        0x8 c:/data/software/stm32/cubeide/software/stm32cubeide/plugins/com.st.stm32cube.ide.mcu.externaltools.gnu-tools-for-stm32.10.3-2021.10.win32_1.0.200.202301161003/tools/bin/../lib/gcc/arm-none-eabi/10.3.1/thumb/v6-m/nofp/crtn.o
                0x000000000800575c                . = ALIGN (0x4)
                0x000000000800575c                _etext = .

.vfp11_veneer   0x000000000800575c        0x0
 .vfp11_veneer  0x000000000800575c        0x0 linker stubs

.v4_bx          0x000000000800575c        0x0
 .v4_bx         0x000000000800575c        0x0 linker stubs

.iplt           0x000000000800575c        0x0
 .iplt          0x000000000800575c        0x0 c:/data/software/stm32/cubeide/software/stm32cubeide/plugins/com.st.stm32cube.ide.mcu.externaltools.gnu-tools-for-stm32.10.3-2021.10.win32_1.0.200.202301161003/tools/bin/../lib/gcc/arm-none-eabi/10.3.1/thumb/v6-m/nofp/crtbegin.o

.rodata         0x000000000800575c       0xb8
                0x000000000800575c                . = ALIGN (0x4)
 *(.rodata)
 .rodata        0x000000000800575c       0x40 c:/data/software/stm32/cubeide/software/stm32cubeide/plugins/com.st.stm32cube.ide.mcu.externaltools.gnu-tools-for-stm32.10.3-2021.10.win32_1.0.200.202301161003/tools/bin/../lib/gcc/arm-none-eabi/10.3.1/thumb/v6-m/nofp\libgcc.a(divdf3.o)
 .rodata        0x000000000800579c       0x40 c:/data/software/stm32/cubeide/software/stm32cubeide/plugins/com.st.stm32cube.ide.mcu.externaltools.gnu-tools-for-stm32.10.3-2021.10.win32_1.0.200.202301161003/tools/bin/../lib/gcc/arm-none-eabi/10.3.1/thumb/v6-m/nofp\libgcc.a(muldf3.o)
 *(.rodata*)
 .rodata.AHBPrescTable
                0x00000000080057dc       0x10 ./Core/Src/system_stm32f0xx.o
                0x00000000080057dc                AHBPrescTable
 .rodata.APBPrescTable
                0x00000000080057ec        0x8 ./Core/Src/system_stm32f0xx.o
                0x00000000080057ec                APBPrescTable
 .rodata.aPLLMULFactorTable.1
                0x00000000080057f4       0x10 ./Drivers/STM32F0xx_HAL_Driver/Src/stm32f0xx_hal_rcc.o
 .rodata.aPredivFactorTable.0
                0x0000000008005804       0x10 ./Drivers/STM32F0xx_HAL_Driver/Src/stm32f0xx_hal_rcc.o
                0x0000000008005814                . = ALIGN (0x4)

.rel.dyn        0x0000000008005814        0x0
 .rel.iplt      0x0000000008005814        0x0 c:/data/software/stm32/cubeide/software/stm32cubeide/plugins/com.st.stm32cube.ide.mcu.externaltools.gnu-tools-for-stm32.10.3-2021.10.win32_1.0.200.202301161003/tools/bin/../lib/gcc/arm-none-eabi/10.3.1/thumb/v6-m/nofp/crtbegin.o

.ARM.extab      0x0000000008005814        0x0
                0x0000000008005814                . = ALIGN (0x4)
 *(.ARM.extab* .gnu.linkonce.armextab.*)
                0x0000000008005814                . = ALIGN (0x4)

.ARM            0x0000000008005814        0x0
                0x0000000008005814                . = ALIGN (0x4)
                0x0000000008005814                __exidx_start = .
 *(.ARM.exidx*)
                0x0000000008005814                __exidx_end = .
                0x0000000008005814                . = ALIGN (0x4)

.preinit_array  0x0000000008005814        0x0
                0x0000000008005814                . = ALIGN (0x4)
                0x0000000008005814                PROVIDE (__preinit_array_start = .)
 *(.preinit_array*)
                0x0000000008005814                PROVIDE (__preinit_array_end = .)
                0x0000000008005814                . = ALIGN (0x4)

.init_array     0x0000000008005814        0x4
                0x0000000008005814                . = ALIGN (0x4)
                0x0000000008005814                PROVIDE (__init_array_start = .)
 *(SORT_BY_NAME(.init_array.*))
 *(.init_array*)
 .init_array    0x0000000008005814        0x4 c:/data/software/stm32/cubeide/software/stm32cubeide/plugins/com.st.stm32cube.ide.mcu.externaltools.gnu-tools-for-stm32.10.3-2021.10.win32_1.0.200.202301161003/tools/bin/../lib/gcc/arm-none-eabi/10.3.1/thumb/v6-m/nofp/crtbegin.o
                0x0000000008005818                PROVIDE (__init_array_end = .)
                0x0000000008005818                . = ALIGN (0x4)

.fini_array     0x0000000008005818        0x4
                0x0000000008005818                . = ALIGN (0x4)
                [!provide]                        PROVIDE (__fini_array_start = .)
 *(SORT_BY_NAME(.fini_array.*))
 *(.fini_array*)
 .fini_array    0x0000000008005818        0x4 c:/data/software/stm32/cubeide/software/stm32cubeide/plugins/com.st.stm32cube.ide.mcu.externaltools.gnu-tools-for-stm32.10.3-2021.10.win32_1.0.200.202301161003/tools/bin/../lib/gcc/arm-none-eabi/10.3.1/thumb/v6-m/nofp/crtbegin.o
                [!provide]                        PROVIDE (__fini_array_end = .)
                0x000000000800581c                . = ALIGN (0x4)
                0x000000000800581c                _sidata = LOADADDR (.data)

.data           0x0000000020000000       0x14 load address 0x000000000800581c
                0x0000000020000000                . = ALIGN (0x4)
                0x0000000020000000                _sdata = .
 *(.data)
 *(.data*)
 .data.real_time_speed
                0x0000000020000000        0x8 ./Core/Src/stepper_control.o
 .data.SystemCoreClock
                0x0000000020000008        0x4 ./Core/Src/system_stm32f0xx.o
                0x0000000020000008                SystemCoreClock
 .data.uwTickPrio
                0x000000002000000c        0x4 ./Drivers/STM32F0xx_HAL_Driver/Src/stm32f0xx_hal.o
                0x000000002000000c                uwTickPrio
 .data.uwTickFreq
                0x0000000020000010        0x1 ./Drivers/STM32F0xx_HAL_Driver/Src/stm32f0xx_hal.o
                0x0000000020000010                uwTickFreq
 *(.RamFunc)
 *(.RamFunc*)
                0x0000000020000014                . = ALIGN (0x4)
 *fill*         0x0000000020000011        0x3 
                0x0000000020000014                _edata = .

.igot.plt       0x0000000020000014        0x0 load address 0x0000000008005830
 .igot.plt      0x0000000020000014        0x0 c:/data/software/stm32/cubeide/software/stm32cubeide/plugins/com.st.stm32cube.ide.mcu.externaltools.gnu-tools-for-stm32.10.3-2021.10.win32_1.0.200.202301161003/tools/bin/../lib/gcc/arm-none-eabi/10.3.1/thumb/v6-m/nofp/crtbegin.o
                0x0000000020000014                . = ALIGN (0x4)

.bss            0x0000000020000018      0x1dc load address 0x0000000008005830
                0x0000000020000018                _sbss = .
                0x0000000020000018                __bss_start__ = _sbss
 *(.bss)
 .bss           0x0000000020000018       0x1c c:/data/software/stm32/cubeide/software/stm32cubeide/plugins/com.st.stm32cube.ide.mcu.externaltools.gnu-tools-for-stm32.10.3-2021.10.win32_1.0.200.202301161003/tools/bin/../lib/gcc/arm-none-eabi/10.3.1/thumb/v6-m/nofp/crtbegin.o
 *(.bss*)
 .bss.huart1    0x0000000020000034       0x88 ./Core/Src/cmd.o
                0x0000000020000034                huart1
 .bss.CMD_recv_buffer
                0x00000000200000bc       0x14 ./Core/Src/cmd.o
                0x00000000200000bc                CMD_recv_buffer
 .bss.CMD_recv  0x00000000200000d0       0x14 ./Core/Src/cmd.o
                0x00000000200000d0                CMD_recv
 .bss.i         0x00000000200000e4        0x4 ./Core/Src/cmd.o
 .bss.data_start_index
                0x00000000200000e8        0x4 ./Core/Src/cmd.o
 .bss.data_stop_index
                0x00000000200000ec        0x4 ./Core/Src/cmd.o
 .bss.step_number
                0x00000000200000f0        0x4 ./Core/Src/cmd.o
 .bss.rotation_dir
                0x00000000200000f4        0x4 ./Core/Src/cmd.o
 .bss.hadc      0x00000000200000f8       0x40 ./Core/Src/main.o
                0x00000000200000f8                hadc
 .bss.htim2     0x0000000020000138       0x48 ./Core/Src/main.o
                0x0000000020000138                htim2
 .bss.hdma_usart1_rx
                0x0000000020000180       0x44 ./Core/Src/main.o
                0x0000000020000180                hdma_usart1_rx
 .bss.ms1       0x00000000200001c4        0x4 ./Core/Src/stepper_control.o
 .bss.ms2       0x00000000200001c8        0x4 ./Core/Src/stepper_control.o
 .bss.ms3       0x00000000200001cc        0x4 ./Core/Src/stepper_control.o
 .bss.i         0x00000000200001d0        0x4 ./Core/Src/stepper_control.o
 .bss.int_flag  0x00000000200001d4        0x1 ./Core/Src/stepper_control.o
                0x00000000200001d4                int_flag
 .bss.start_moving
                0x00000000200001d5        0x1 ./Core/Src/stepper_control.o
                0x00000000200001d5                start_moving
 *fill*         0x00000000200001d6        0x2 
 .bss.stp2move  0x00000000200001d8        0x8 ./Core/Src/stepper_control.o
 .bss.acc       0x00000000200001e0        0x8 ./Core/Src/stepper_control.o
 .bss.acc_t     0x00000000200001e8        0x8 ./Core/Src/stepper_control.o
 .bss.uwTick    0x00000000200001f0        0x4 ./Drivers/STM32F0xx_HAL_Driver/Src/stm32f0xx_hal.o
                0x00000000200001f0                uwTick
 *(COMMON)
                0x00000000200001f4                . = ALIGN (0x4)
                0x00000000200001f4                _ebss = .
                0x00000000200001f4                __bss_end__ = _ebss

._user_heap_stack
                0x00000000200001f4      0x604 load address 0x0000000008005830
                0x00000000200001f8                . = ALIGN (0x8)
 *fill*         0x00000000200001f4        0x4 
                [!provide]                        PROVIDE (end = .)
                0x00000000200001f8                PROVIDE (_end = .)
                0x00000000200003f8                . = (. + _Min_Heap_Size)
 *fill*         0x00000000200001f8      0x200 
                0x00000000200007f8                . = (. + _Min_Stack_Size)
 *fill*         0x00000000200003f8      0x400 
                0x00000000200007f8                . = ALIGN (0x8)

/DISCARD/
 libc.a(*)
 libm.a(*)
 libgcc.a(*)

.ARM.attributes
                0x0000000000000000       0x28
 *(.ARM.attributes)
 .ARM.attributes
                0x0000000000000000       0x1e c:/data/software/stm32/cubeide/software/stm32cubeide/plugins/com.st.stm32cube.ide.mcu.externaltools.gnu-tools-for-stm32.10.3-2021.10.win32_1.0.200.202301161003/tools/bin/../lib/gcc/arm-none-eabi/10.3.1/thumb/v6-m/nofp/crti.o
 .ARM.attributes
                0x000000000000001e       0x2c c:/data/software/stm32/cubeide/software/stm32cubeide/plugins/com.st.stm32cube.ide.mcu.externaltools.gnu-tools-for-stm32.10.3-2021.10.win32_1.0.200.202301161003/tools/bin/../lib/gcc/arm-none-eabi/10.3.1/thumb/v6-m/nofp/crtbegin.o
 .ARM.attributes
                0x000000000000004a       0x2c ./Core/Src/cmd.o
 .ARM.attributes
                0x0000000000000076       0x2c ./Core/Src/debug_FZ.o
 .ARM.attributes
                0x00000000000000a2       0x2c ./Core/Src/main.o
 .ARM.attributes
                0x00000000000000ce       0x2c ./Core/Src/stepper_control.o
 .ARM.attributes
                0x00000000000000fa       0x2c ./Core/Src/stm32f0xx_hal_msp.o
 .ARM.attributes
                0x0000000000000126       0x2c ./Core/Src/stm32f0xx_it.o
 .ARM.attributes
                0x0000000000000152       0x2c ./Core/Src/system_stm32f0xx.o
 .ARM.attributes
                0x000000000000017e       0x21 ./Core/Startup/startup_stm32f031f6px.o
 .ARM.attributes
                0x000000000000019f       0x2c ./Drivers/STM32F0xx_HAL_Driver/Src/stm32f0xx_hal.o
 .ARM.attributes
                0x00000000000001cb       0x2c ./Drivers/STM32F0xx_HAL_Driver/Src/stm32f0xx_hal_adc.o
 .ARM.attributes
                0x00000000000001f7       0x2c ./Drivers/STM32F0xx_HAL_Driver/Src/stm32f0xx_hal_cortex.o
 .ARM.attributes
                0x0000000000000223       0x2c ./Drivers/STM32F0xx_HAL_Driver/Src/stm32f0xx_hal_dma.o
 .ARM.attributes
                0x000000000000024f       0x2c ./Drivers/STM32F0xx_HAL_Driver/Src/stm32f0xx_hal_gpio.o
 .ARM.attributes
                0x000000000000027b       0x2c ./Drivers/STM32F0xx_HAL_Driver/Src/stm32f0xx_hal_rcc.o
 .ARM.attributes
                0x00000000000002a7       0x2c ./Drivers/STM32F0xx_HAL_Driver/Src/stm32f0xx_hal_rcc_ex.o
 .ARM.attributes
                0x00000000000002d3       0x2c ./Drivers/STM32F0xx_HAL_Driver/Src/stm32f0xx_hal_tim.o
 .ARM.attributes
                0x00000000000002ff       0x2c ./Drivers/STM32F0xx_HAL_Driver/Src/stm32f0xx_hal_tim_ex.o
 .ARM.attributes
                0x000000000000032b       0x2c ./Drivers/STM32F0xx_HAL_Driver/Src/stm32f0xx_hal_uart.o
 .ARM.attributes
                0x0000000000000357       0x2c c:/data/software/stm32/cubeide/software/stm32cubeide/plugins/com.st.stm32cube.ide.mcu.externaltools.gnu-tools-for-stm32.10.3-2021.10.win32_1.0.200.202301161003/tools/bin/../lib/gcc/arm-none-eabi/10.3.1/../../../../arm-none-eabi/lib/thumb/v6-m/nofp\libc_nano.a(lib_a-init.o)
 .ARM.attributes
                0x0000000000000383       0x2c c:/data/software/stm32/cubeide/software/stm32cubeide/plugins/com.st.stm32cube.ide.mcu.externaltools.gnu-tools-for-stm32.10.3-2021.10.win32_1.0.200.202301161003/tools/bin/../lib/gcc/arm-none-eabi/10.3.1/../../../../arm-none-eabi/lib/thumb/v6-m/nofp\libc_nano.a(lib_a-memset.o)
 .ARM.attributes
                0x00000000000003af       0x2c c:/data/software/stm32/cubeide/software/stm32cubeide/plugins/com.st.stm32cube.ide.mcu.externaltools.gnu-tools-for-stm32.10.3-2021.10.win32_1.0.200.202301161003/tools/bin/../lib/gcc/arm-none-eabi/10.3.1/../../../../arm-none-eabi/lib/thumb/v6-m/nofp\libm.a(lib_a-s_lround.o)
 .ARM.attributes
                0x00000000000003db       0x1e c:/data/software/stm32/cubeide/software/stm32cubeide/plugins/com.st.stm32cube.ide.mcu.externaltools.gnu-tools-for-stm32.10.3-2021.10.win32_1.0.200.202301161003/tools/bin/../lib/gcc/arm-none-eabi/10.3.1/thumb/v6-m/nofp\libgcc.a(_udivsi3.o)
 .ARM.attributes
                0x00000000000003f9       0x1e c:/data/software/stm32/cubeide/software/stm32cubeide/plugins/com.st.stm32cube.ide.mcu.externaltools.gnu-tools-for-stm32.10.3-2021.10.win32_1.0.200.202301161003/tools/bin/../lib/gcc/arm-none-eabi/10.3.1/thumb/v6-m/nofp\libgcc.a(_dvmd_tls.o)
 .ARM.attributes
                0x0000000000000417       0x1e c:/data/software/stm32/cubeide/software/stm32cubeide/plugins/com.st.stm32cube.ide.mcu.externaltools.gnu-tools-for-stm32.10.3-2021.10.win32_1.0.200.202301161003/tools/bin/../lib/gcc/arm-none-eabi/10.3.1/thumb/v6-m/nofp\libgcc.a(_arm_cmpdf2.o)
 .ARM.attributes
                0x0000000000000435       0x2c c:/data/software/stm32/cubeide/software/stm32cubeide/plugins/com.st.stm32cube.ide.mcu.externaltools.gnu-tools-for-stm32.10.3-2021.10.win32_1.0.200.202301161003/tools/bin/../lib/gcc/arm-none-eabi/10.3.1/thumb/v6-m/nofp\libgcc.a(_floatundidf.o)
 .ARM.attributes
                0x0000000000000461       0x2c c:/data/software/stm32/cubeide/software/stm32cubeide/plugins/com.st.stm32cube.ide.mcu.externaltools.gnu-tools-for-stm32.10.3-2021.10.win32_1.0.200.202301161003/tools/bin/../lib/gcc/arm-none-eabi/10.3.1/thumb/v6-m/nofp\libgcc.a(adddf3.o)
 .ARM.attributes
                0x000000000000048d       0x2c c:/data/software/stm32/cubeide/software/stm32cubeide/plugins/com.st.stm32cube.ide.mcu.externaltools.gnu-tools-for-stm32.10.3-2021.10.win32_1.0.200.202301161003/tools/bin/../lib/gcc/arm-none-eabi/10.3.1/thumb/v6-m/nofp\libgcc.a(divdf3.o)
 .ARM.attributes
                0x00000000000004b9       0x2c c:/data/software/stm32/cubeide/software/stm32cubeide/plugins/com.st.stm32cube.ide.mcu.externaltools.gnu-tools-for-stm32.10.3-2021.10.win32_1.0.200.202301161003/tools/bin/../lib/gcc/arm-none-eabi/10.3.1/thumb/v6-m/nofp\libgcc.a(eqdf2.o)
 .ARM.attributes
                0x00000000000004e5       0x2c c:/data/software/stm32/cubeide/software/stm32cubeide/plugins/com.st.stm32cube.ide.mcu.externaltools.gnu-tools-for-stm32.10.3-2021.10.win32_1.0.200.202301161003/tools/bin/../lib/gcc/arm-none-eabi/10.3.1/thumb/v6-m/nofp\libgcc.a(gedf2.o)
 .ARM.attributes
                0x0000000000000511       0x2c c:/data/software/stm32/cubeide/software/stm32cubeide/plugins/com.st.stm32cube.ide.mcu.externaltools.gnu-tools-for-stm32.10.3-2021.10.win32_1.0.200.202301161003/tools/bin/../lib/gcc/arm-none-eabi/10.3.1/thumb/v6-m/nofp\libgcc.a(ledf2.o)
 .ARM.attributes
                0x000000000000053d       0x2c c:/data/software/stm32/cubeide/software/stm32cubeide/plugins/com.st.stm32cube.ide.mcu.externaltools.gnu-tools-for-stm32.10.3-2021.10.win32_1.0.200.202301161003/tools/bin/../lib/gcc/arm-none-eabi/10.3.1/thumb/v6-m/nofp\libgcc.a(muldf3.o)
 .ARM.attributes
                0x0000000000000569       0x2c c:/data/software/stm32/cubeide/software/stm32cubeide/plugins/com.st.stm32cube.ide.mcu.externaltools.gnu-tools-for-stm32.10.3-2021.10.win32_1.0.200.202301161003/tools/bin/../lib/gcc/arm-none-eabi/10.3.1/thumb/v6-m/nofp\libgcc.a(subdf3.o)
 .ARM.attributes
                0x0000000000000595       0x2c c:/data/software/stm32/cubeide/software/stm32cubeide/plugins/com.st.stm32cube.ide.mcu.externaltools.gnu-tools-for-stm32.10.3-2021.10.win32_1.0.200.202301161003/tools/bin/../lib/gcc/arm-none-eabi/10.3.1/thumb/v6-m/nofp\libgcc.a(fixdfsi.o)
 .ARM.attributes
                0x00000000000005c1       0x2c c:/data/software/stm32/cubeide/software/stm32cubeide/plugins/com.st.stm32cube.ide.mcu.externaltools.gnu-tools-for-stm32.10.3-2021.10.win32_1.0.200.202301161003/tools/bin/../lib/gcc/arm-none-eabi/10.3.1/thumb/v6-m/nofp\libgcc.a(floatsidf.o)
 .ARM.attributes
                0x00000000000005ed       0x2c c:/data/software/stm32/cubeide/software/stm32cubeide/plugins/com.st.stm32cube.ide.mcu.externaltools.gnu-tools-for-stm32.10.3-2021.10.win32_1.0.200.202301161003/tools/bin/../lib/gcc/arm-none-eabi/10.3.1/thumb/v6-m/nofp\libgcc.a(floatunsidf.o)
 .ARM.attributes
                0x0000000000000619       0x1e c:/data/software/stm32/cubeide/software/stm32cubeide/plugins/com.st.stm32cube.ide.mcu.externaltools.gnu-tools-for-stm32.10.3-2021.10.win32_1.0.200.202301161003/tools/bin/../lib/gcc/arm-none-eabi/10.3.1/thumb/v6-m/nofp\libgcc.a(_clzsi2.o)
 .ARM.attributes
                0x0000000000000637       0x1e c:/data/software/stm32/cubeide/software/stm32cubeide/plugins/com.st.stm32cube.ide.mcu.externaltools.gnu-tools-for-stm32.10.3-2021.10.win32_1.0.200.202301161003/tools/bin/../lib/gcc/arm-none-eabi/10.3.1/thumb/v6-m/nofp/crtn.o
OUTPUT(Stepper_control_tst.elf elf32-littlearm)
LOAD linker stubs
LOAD c:/data/software/stm32/cubeide/software/stm32cubeide/plugins/com.st.stm32cube.ide.mcu.externaltools.gnu-tools-for-stm32.10.3-2021.10.win32_1.0.200.202301161003/tools/bin/../lib/gcc/arm-none-eabi/10.3.1/../../../../arm-none-eabi/lib/thumb/v6-m/nofp\libc.a
LOAD c:/data/software/stm32/cubeide/software/stm32cubeide/plugins/com.st.stm32cube.ide.mcu.externaltools.gnu-tools-for-stm32.10.3-2021.10.win32_1.0.200.202301161003/tools/bin/../lib/gcc/arm-none-eabi/10.3.1/../../../../arm-none-eabi/lib/thumb/v6-m/nofp\libm.a
LOAD c:/data/software/stm32/cubeide/software/stm32cubeide/plugins/com.st.stm32cube.ide.mcu.externaltools.gnu-tools-for-stm32.10.3-2021.10.win32_1.0.200.202301161003/tools/bin/../lib/gcc/arm-none-eabi/10.3.1/thumb/v6-m/nofp\libgcc.a

.debug_info     0x0000000000000000     0xf2a2
 .debug_info    0x0000000000000000      0x951 ./Core/Src/cmd.o
 .debug_info    0x0000000000000951      0x1d8 ./Core/Src/debug_FZ.o
 .debug_info    0x0000000000000b29     0x1165 ./Core/Src/main.o
 .debug_info    0x0000000000001c8e      0x911 ./Core/Src/stepper_control.o
 .debug_info    0x000000000000259f     0x110c ./Core/Src/stm32f0xx_hal_msp.o
 .debug_info    0x00000000000036ab      0x6ce ./Core/Src/stm32f0xx_it.o
 .debug_info    0x0000000000003d79      0x269 ./Core/Src/system_stm32f0xx.o
 .debug_info    0x0000000000003fe2       0x22 ./Core/Startup/startup_stm32f031f6px.o
 .debug_info    0x0000000000004004      0x6a9 ./Drivers/STM32F0xx_HAL_Driver/Src/stm32f0xx_hal.o
 .debug_info    0x00000000000046ad      0xd13 ./Drivers/STM32F0xx_HAL_Driver/Src/stm32f0xx_hal_adc.o
 .debug_info    0x00000000000053c0      0x6e7 ./Drivers/STM32F0xx_HAL_Driver/Src/stm32f0xx_hal_cortex.o
 .debug_info    0x0000000000005aa7      0x752 ./Drivers/STM32F0xx_HAL_Driver/Src/stm32f0xx_hal_dma.o
 .debug_info    0x00000000000061f9      0x60e ./Drivers/STM32F0xx_HAL_Driver/Src/stm32f0xx_hal_gpio.o
 .debug_info    0x0000000000006807      0x88c ./Drivers/STM32F0xx_HAL_Driver/Src/stm32f0xx_hal_rcc.o
 .debug_info    0x0000000000007093      0x37b ./Drivers/STM32F0xx_HAL_Driver/Src/stm32f0xx_hal_rcc_ex.o
 .debug_info    0x000000000000740e     0x2ba1 ./Drivers/STM32F0xx_HAL_Driver/Src/stm32f0xx_hal_tim.o
 .debug_info    0x0000000000009faf     0x15bd ./Drivers/STM32F0xx_HAL_Driver/Src/stm32f0xx_hal_tim_ex.o
 .debug_info    0x000000000000b56c     0x3d36 ./Drivers/STM32F0xx_HAL_Driver/Src/stm32f0xx_hal_uart.o

.debug_abbrev   0x0000000000000000     0x22cd
 .debug_abbrev  0x0000000000000000      0x210 ./Core/Src/cmd.o
 .debug_abbrev  0x0000000000000210       0xf2 ./Core/Src/debug_FZ.o
 .debug_abbrev  0x0000000000000302      0x2cb ./Core/Src/main.o
 .debug_abbrev  0x00000000000005cd      0x20c ./Core/Src/stepper_control.o
 .debug_abbrev  0x00000000000007d9      0x225 ./Core/Src/stm32f0xx_hal_msp.o
 .debug_abbrev  0x00000000000009fe      0x195 ./Core/Src/stm32f0xx_it.o
 .debug_abbrev  0x0000000000000b93      0x116 ./Core/Src/system_stm32f0xx.o
 .debug_abbrev  0x0000000000000ca9       0x12 ./Core/Startup/startup_stm32f031f6px.o
 .debug_abbrev  0x0000000000000cbb      0x23f ./Drivers/STM32F0xx_HAL_Driver/Src/stm32f0xx_hal.o
 .debug_abbrev  0x0000000000000efa      0x203 ./Drivers/STM32F0xx_HAL_Driver/Src/stm32f0xx_hal_adc.o
 .debug_abbrev  0x00000000000010fd      0x283 ./Drivers/STM32F0xx_HAL_Driver/Src/stm32f0xx_hal_cortex.o
 .debug_abbrev  0x0000000000001380      0x1e9 ./Drivers/STM32F0xx_HAL_Driver/Src/stm32f0xx_hal_dma.o
 .debug_abbrev  0x0000000000001569      0x1bb ./Drivers/STM32F0xx_HAL_Driver/Src/stm32f0xx_hal_gpio.o
 .debug_abbrev  0x0000000000001724      0x283 ./Drivers/STM32F0xx_HAL_Driver/Src/stm32f0xx_hal_rcc.o
 .debug_abbrev  0x00000000000019a7      0x169 ./Drivers/STM32F0xx_HAL_Driver/Src/stm32f0xx_hal_rcc_ex.o
 .debug_abbrev  0x0000000000001b10      0x275 ./Drivers/STM32F0xx_HAL_Driver/Src/stm32f0xx_hal_tim.o
 .debug_abbrev  0x0000000000001d85      0x27d ./Drivers/STM32F0xx_HAL_Driver/Src/stm32f0xx_hal_tim_ex.o
 .debug_abbrev  0x0000000000002002      0x2cb ./Drivers/STM32F0xx_HAL_Driver/Src/stm32f0xx_hal_uart.o

.debug_aranges  0x0000000000000000      0xd48
 .debug_aranges
                0x0000000000000000       0x38 ./Core/Src/cmd.o
 .debug_aranges
                0x0000000000000038       0x20 ./Core/Src/debug_FZ.o
 .debug_aranges
                0x0000000000000058       0x50 ./Core/Src/main.o
 .debug_aranges
                0x00000000000000a8       0x38 ./Core/Src/stepper_control.o
 .debug_aranges
                0x00000000000000e0       0x50 ./Core/Src/stm32f0xx_hal_msp.o
 .debug_aranges
                0x0000000000000130       0x50 ./Core/Src/stm32f0xx_it.o
 .debug_aranges
                0x0000000000000180       0x28 ./Core/Src/system_stm32f0xx.o
 .debug_aranges
                0x00000000000001a8       0x28 ./Core/Startup/startup_stm32f031f6px.o
 .debug_aranges
                0x00000000000001d0       0xd0 ./Drivers/STM32F0xx_HAL_Driver/Src/stm32f0xx_hal.o
 .debug_aranges
                0x00000000000002a0       0xf8 ./Drivers/STM32F0xx_HAL_Driver/Src/stm32f0xx_hal_adc.o
 .debug_aranges
                0x0000000000000398       0xc0 ./Drivers/STM32F0xx_HAL_Driver/Src/stm32f0xx_hal_cortex.o
 .debug_aranges
                0x0000000000000458       0x88 ./Drivers/STM32F0xx_HAL_Driver/Src/stm32f0xx_hal_dma.o
 .debug_aranges
                0x00000000000004e0       0x58 ./Drivers/STM32F0xx_HAL_Driver/Src/stm32f0xx_hal_gpio.o
 .debug_aranges
                0x0000000000000538       0x80 ./Drivers/STM32F0xx_HAL_Driver/Src/stm32f0xx_hal_rcc.o
 .debug_aranges
                0x00000000000005b8       0x30 ./Drivers/STM32F0xx_HAL_Driver/Src/stm32f0xx_hal_rcc_ex.o
 .debug_aranges
                0x00000000000005e8      0x3d0 ./Drivers/STM32F0xx_HAL_Driver/Src/stm32f0xx_hal_tim.o
 .debug_aranges
                0x00000000000009b8      0x168 ./Drivers/STM32F0xx_HAL_Driver/Src/stm32f0xx_hal_tim_ex.o
 .debug_aranges
                0x0000000000000b20      0x228 ./Drivers/STM32F0xx_HAL_Driver/Src/stm32f0xx_hal_uart.o

.debug_ranges   0x0000000000000000      0xc60
 .debug_ranges  0x0000000000000000       0x28 ./Core/Src/cmd.o
 .debug_ranges  0x0000000000000028       0x10 ./Core/Src/debug_FZ.o
 .debug_ranges  0x0000000000000038       0x40 ./Core/Src/main.o
 .debug_ranges  0x0000000000000078       0x28 ./Core/Src/stepper_control.o
 .debug_ranges  0x00000000000000a0       0x40 ./Core/Src/stm32f0xx_hal_msp.o
 .debug_ranges  0x00000000000000e0       0x40 ./Core/Src/stm32f0xx_it.o
 .debug_ranges  0x0000000000000120       0x18 ./Core/Src/system_stm32f0xx.o
 .debug_ranges  0x0000000000000138       0x20 ./Core/Startup/startup_stm32f031f6px.o
 .debug_ranges  0x0000000000000158       0xc0 ./Drivers/STM32F0xx_HAL_Driver/Src/stm32f0xx_hal.o
 .debug_ranges  0x0000000000000218       0xe8 ./Drivers/STM32F0xx_HAL_Driver/Src/stm32f0xx_hal_adc.o
 .debug_ranges  0x0000000000000300       0xb0 ./Drivers/STM32F0xx_HAL_Driver/Src/stm32f0xx_hal_cortex.o
 .debug_ranges  0x00000000000003b0       0x78 ./Drivers/STM32F0xx_HAL_Driver/Src/stm32f0xx_hal_dma.o
 .debug_ranges  0x0000000000000428       0x48 ./Drivers/STM32F0xx_HAL_Driver/Src/stm32f0xx_hal_gpio.o
 .debug_ranges  0x0000000000000470       0x70 ./Drivers/STM32F0xx_HAL_Driver/Src/stm32f0xx_hal_rcc.o
 .debug_ranges  0x00000000000004e0       0x20 ./Drivers/STM32F0xx_HAL_Driver/Src/stm32f0xx_hal_rcc_ex.o
 .debug_ranges  0x0000000000000500      0x3c0 ./Drivers/STM32F0xx_HAL_Driver/Src/stm32f0xx_hal_tim.o
 .debug_ranges  0x00000000000008c0      0x158 ./Drivers/STM32F0xx_HAL_Driver/Src/stm32f0xx_hal_tim_ex.o
 .debug_ranges  0x0000000000000a18      0x248 ./Drivers/STM32F0xx_HAL_Driver/Src/stm32f0xx_hal_uart.o

.debug_macro    0x0000000000000000    0x12145
 .debug_macro   0x0000000000000000      0x3c5 ./Core/Src/cmd.o
 .debug_macro   0x00000000000003c5      0xa4e ./Core/Src/cmd.o
 .debug_macro   0x0000000000000e13       0x18 ./Core/Src/cmd.o
 .debug_macro   0x0000000000000e2b       0x22 ./Core/Src/cmd.o
 .debug_macro   0x0000000000000e4d       0x4c ./Core/Src/cmd.o
 .debug_macro   0x0000000000000e99       0x94 ./Core/Src/cmd.o
 .debug_macro   0x0000000000000f2d       0x3c ./Core/Src/cmd.o
 .debug_macro   0x0000000000000f69       0x34 ./Core/Src/cmd.o
 .debug_macro   0x0000000000000f9d       0x16 ./Core/Src/cmd.o
 .debug_macro   0x0000000000000fb3      0x10e ./Core/Src/cmd.o
 .debug_macro   0x00000000000010c1       0x8d ./Core/Src/cmd.o
 .debug_macro   0x000000000000114e       0x16 ./Core/Src/cmd.o
 .debug_macro   0x0000000000001164       0x43 ./Core/Src/cmd.o
 .debug_macro   0x00000000000011a7       0x57 ./Core/Src/cmd.o
 .debug_macro   0x00000000000011fe       0x34 ./Core/Src/cmd.o
 .debug_macro   0x0000000000001232       0x10 ./Core/Src/cmd.o
 .debug_macro   0x0000000000001242       0x58 ./Core/Src/cmd.o
 .debug_macro   0x000000000000129a       0x71 ./Core/Src/cmd.o
 .debug_macro   0x000000000000130b       0x1c ./Core/Src/cmd.o
 .debug_macro   0x0000000000001327      0x12a ./Core/Src/cmd.o
 .debug_macro   0x0000000000001451      0x341 ./Core/Src/cmd.o
 .debug_macro   0x0000000000001792       0x16 ./Core/Src/cmd.o
 .debug_macro   0x00000000000017a8       0x29 ./Core/Src/cmd.o
 .debug_macro   0x00000000000017d1       0x1c ./Core/Src/cmd.o
 .debug_macro   0x00000000000017ed       0x35 ./Core/Src/cmd.o
 .debug_macro   0x0000000000001822       0x10 ./Core/Src/cmd.o
 .debug_macro   0x0000000000001832       0x10 ./Core/Src/cmd.o
 .debug_macro   0x0000000000001842       0x6a ./Core/Src/cmd.o
 .debug_macro   0x00000000000018ac       0x1c ./Core/Src/cmd.o
 .debug_macro   0x00000000000018c8       0x52 ./Core/Src/cmd.o
 .debug_macro   0x000000000000191a       0x22 ./Core/Src/cmd.o
 .debug_macro   0x000000000000193c       0x10 ./Core/Src/cmd.o
 .debug_macro   0x000000000000194c       0x52 ./Core/Src/cmd.o
 .debug_macro   0x000000000000199e       0xd5 ./Core/Src/cmd.o
 .debug_macro   0x0000000000001a73       0x1c ./Core/Src/cmd.o
 .debug_macro   0x0000000000001a8f       0x3d ./Core/Src/cmd.o
 .debug_macro   0x0000000000001acc       0x16 ./Core/Src/cmd.o
 .debug_macro   0x0000000000001ae2      0x145 ./Core/Src/cmd.o
 .debug_macro   0x0000000000001c27       0x22 ./Core/Src/cmd.o
 .debug_macro   0x0000000000001c49      0x139 ./Core/Src/cmd.o
 .debug_macro   0x0000000000001d82       0x2e ./Core/Src/cmd.o
 .debug_macro   0x0000000000001db0       0x22 ./Core/Src/cmd.o
 .debug_macro   0x0000000000001dd2      0x103 ./Core/Src/cmd.o
 .debug_macro   0x0000000000001ed5      0x1df ./Core/Src/cmd.o
 .debug_macro   0x00000000000020b4       0x1c ./Core/Src/cmd.o
 .debug_macro   0x00000000000020d0       0x22 ./Core/Src/cmd.o
 .debug_macro   0x00000000000020f2       0xaf ./Core/Src/cmd.o
 .debug_macro   0x00000000000021a1      0x391 ./Core/Src/cmd.o
 .debug_macro   0x0000000000002532     0x754b ./Core/Src/cmd.o
 .debug_macro   0x0000000000009a7d       0x66 ./Core/Src/cmd.o
 .debug_macro   0x0000000000009ae3     0x34be ./Core/Src/cmd.o
 .debug_macro   0x000000000000cfa1       0x4f ./Core/Src/cmd.o
 .debug_macro   0x000000000000cff0      0x924 ./Core/Src/cmd.o
 .debug_macro   0x000000000000d914       0xe5 ./Core/Src/cmd.o
 .debug_macro   0x000000000000d9f9      0x1ae ./Core/Src/cmd.o
 .debug_macro   0x000000000000dba7       0xce ./Core/Src/cmd.o
 .debug_macro   0x000000000000dc75      0x199 ./Core/Src/cmd.o
 .debug_macro   0x000000000000de0e      0x1ed ./Core/Src/cmd.o
 .debug_macro   0x000000000000dffb       0x34 ./Core/Src/cmd.o
 .debug_macro   0x000000000000e02f       0x43 ./Core/Src/cmd.o
 .debug_macro   0x000000000000e072       0x28 ./Core/Src/cmd.o
 .debug_macro   0x000000000000e09a      0x33d ./Core/Src/cmd.o
 .debug_macro   0x000000000000e3d7       0xd4 ./Core/Src/cmd.o
 .debug_macro   0x000000000000e4ab       0xb0 ./Core/Src/cmd.o
 .debug_macro   0x000000000000e55b      0x15a ./Core/Src/cmd.o
 .debug_macro   0x000000000000e6b5      0x22c ./Core/Src/cmd.o
 .debug_macro   0x000000000000e8e1       0x61 ./Core/Src/cmd.o
 .debug_macro   0x000000000000e942       0xa5 ./Core/Src/cmd.o
 .debug_macro   0x000000000000e9e7       0x4c ./Core/Src/cmd.o
 .debug_macro   0x000000000000ea33      0x112 ./Core/Src/cmd.o
 .debug_macro   0x000000000000eb45      0x8f4 ./Core/Src/cmd.o
 .debug_macro   0x000000000000f439       0x28 ./Core/Src/cmd.o
 .debug_macro   0x000000000000f461      0x5ba ./Core/Src/cmd.o
 .debug_macro   0x000000000000fa1b       0x3e ./Core/Src/cmd.o
 .debug_macro   0x000000000000fa59      0x106 ./Core/Src/cmd.o
 .debug_macro   0x000000000000fb5f       0x70 ./Core/Src/cmd.o
 .debug_macro   0x000000000000fbcf       0x16 ./Core/Src/cmd.o
 .debug_macro   0x000000000000fbe5       0x20 ./Core/Src/cmd.o
 .debug_macro   0x000000000000fc05       0x10 ./Core/Src/cmd.o
 .debug_macro   0x000000000000fc15       0x5e ./Core/Src/cmd.o
 .debug_macro   0x000000000000fc73      0x1e9 ./Core/Src/debug_FZ.o
 .debug_macro   0x000000000000fe5c       0x8e ./Core/Src/debug_FZ.o
 .debug_macro   0x000000000000feea       0x51 ./Core/Src/debug_FZ.o
 .debug_macro   0x000000000000ff3b      0x174 ./Core/Src/debug_FZ.o
 .debug_macro   0x00000000000100af       0x55 ./Core/Src/debug_FZ.o
 .debug_macro   0x0000000000010104      0x2e0 ./Core/Src/main.o
 .debug_macro   0x00000000000103e4       0x52 ./Core/Src/main.o
 .debug_macro   0x0000000000010436       0x10 ./Core/Src/main.o
 .debug_macro   0x0000000000010446      0x2df ./Core/Src/stepper_control.o
 .debug_macro   0x0000000000010725      0x19b ./Core/Src/stepper_control.o
 .debug_macro   0x00000000000108c0      0x1e5 ./Core/Src/stm32f0xx_hal_msp.o
 .debug_macro   0x0000000000010aa5      0x1ef ./Core/Src/stm32f0xx_it.o
 .debug_macro   0x0000000000010c94      0x1d6 ./Core/Src/system_stm32f0xx.o
 .debug_macro   0x0000000000010e6a      0x1fa ./Drivers/STM32F0xx_HAL_Driver/Src/stm32f0xx_hal.o
 .debug_macro   0x0000000000011064      0x1fa ./Drivers/STM32F0xx_HAL_Driver/Src/stm32f0xx_hal_adc.o
 .debug_macro   0x000000000001125e      0x1d6 ./Drivers/STM32F0xx_HAL_Driver/Src/stm32f0xx_hal_cortex.o
 .debug_macro   0x0000000000011434      0x1d6 ./Drivers/STM32F0xx_HAL_Driver/Src/stm32f0xx_hal_dma.o
 .debug_macro   0x000000000001160a      0x1dd ./Drivers/STM32F0xx_HAL_Driver/Src/stm32f0xx_hal_gpio.o
 .debug_macro   0x00000000000117e7      0x1e8 ./Drivers/STM32F0xx_HAL_Driver/Src/stm32f0xx_hal_rcc.o
 .debug_macro   0x00000000000119cf      0x1d6 ./Drivers/STM32F0xx_HAL_Driver/Src/stm32f0xx_hal_rcc_ex.o
 .debug_macro   0x0000000000011ba5      0x1d7 ./Drivers/STM32F0xx_HAL_Driver/Src/stm32f0xx_hal_tim.o
 .debug_macro   0x0000000000011d7c      0x1d6 ./Drivers/STM32F0xx_HAL_Driver/Src/stm32f0xx_hal_tim_ex.o
 .debug_macro   0x0000000000011f52      0x1f3 ./Drivers/STM32F0xx_HAL_Driver/Src/stm32f0xx_hal_uart.o

.debug_line     0x0000000000000000    0x114ef
 .debug_line    0x0000000000000000      0xba6 ./Core/Src/cmd.o
 .debug_line    0x0000000000000ba6      0x77c ./Core/Src/debug_FZ.o
 .debug_line    0x0000000000001322      0xb74 ./Core/Src/main.o
 .debug_line    0x0000000000001e96      0xab4 ./Core/Src/stepper_control.o
 .debug_line    0x000000000000294a      0x85c ./Core/Src/stm32f0xx_hal_msp.o
 .debug_line    0x00000000000031a6      0x80d ./Core/Src/stm32f0xx_it.o
 .debug_line    0x00000000000039b3      0x7e8 ./Core/Src/system_stm32f0xx.o
 .debug_line    0x000000000000419b       0x89 ./Core/Startup/startup_stm32f031f6px.o
 .debug_line    0x0000000000004224      0x9f3 ./Drivers/STM32F0xx_HAL_Driver/Src/stm32f0xx_hal.o
 .debug_line    0x0000000000004c17     0x1245 ./Drivers/STM32F0xx_HAL_Driver/Src/stm32f0xx_hal_adc.o
 .debug_line    0x0000000000005e5c      0xa9f ./Drivers/STM32F0xx_HAL_Driver/Src/stm32f0xx_hal_cortex.o
 .debug_line    0x00000000000068fb      0xd17 ./Drivers/STM32F0xx_HAL_Driver/Src/stm32f0xx_hal_dma.o
 .debug_line    0x0000000000007612      0xb5b ./Drivers/STM32F0xx_HAL_Driver/Src/stm32f0xx_hal_gpio.o
 .debug_line    0x000000000000816d      0xddb ./Drivers/STM32F0xx_HAL_Driver/Src/stm32f0xx_hal_rcc.o
 .debug_line    0x0000000000008f48      0x952 ./Drivers/STM32F0xx_HAL_Driver/Src/stm32f0xx_hal_rcc_ex.o
 .debug_line    0x000000000000989a     0x3684 ./Drivers/STM32F0xx_HAL_Driver/Src/stm32f0xx_hal_tim.o
 .debug_line    0x000000000000cf1e     0x1966 ./Drivers/STM32F0xx_HAL_Driver/Src/stm32f0xx_hal_tim_ex.o
 .debug_line    0x000000000000e884     0x2c6b ./Drivers/STM32F0xx_HAL_Driver/Src/stm32f0xx_hal_uart.o

.debug_str      0x0000000000000000    0x6ac0e
 .debug_str     0x0000000000000000    0x66eb6 ./Core/Src/cmd.o
                                      0x671f1 (size before relaxing)
 .debug_str     0x0000000000066eb6       0x28 ./Core/Src/debug_FZ.o
                                      0x62c97 (size before relaxing)
 .debug_str     0x0000000000066ede      0x926 ./Core/Src/main.o
                                      0x668bc (size before relaxing)
 .debug_str     0x0000000000067804      0x8cc ./Core/Src/stepper_control.o
                                      0x669ce (size before relaxing)
 .debug_str     0x00000000000680d0       0xe8 ./Core/Src/stm32f0xx_hal_msp.o
                                      0x63817 (size before relaxing)
 .debug_str     0x00000000000681b8       0xb8 ./Core/Src/stm32f0xx_it.o
                                      0x6317a (size before relaxing)
 .debug_str     0x0000000000068270       0x8b ./Core/Src/system_stm32f0xx.o
                                      0x62afc (size before relaxing)
 .debug_str     0x00000000000682fb       0x8c ./Core/Startup/startup_stm32f031f6px.o
 .debug_str     0x0000000000068387      0x37a ./Drivers/STM32F0xx_HAL_Driver/Src/stm32f0xx_hal.o
                                      0x6306e (size before relaxing)
 .debug_str     0x0000000000068701      0x381 ./Drivers/STM32F0xx_HAL_Driver/Src/stm32f0xx_hal_adc.o
                                      0x63209 (size before relaxing)
 .debug_str     0x0000000000068a82      0x183 ./Drivers/STM32F0xx_HAL_Driver/Src/stm32f0xx_hal_cortex.o
                                      0x62e5f (size before relaxing)
 .debug_str     0x0000000000068c05      0x1fa ./Drivers/STM32F0xx_HAL_Driver/Src/stm32f0xx_hal_dma.o
                                      0x62ea2 (size before relaxing)
 .debug_str     0x0000000000068dff       0xfa ./Drivers/STM32F0xx_HAL_Driver/Src/stm32f0xx_hal_gpio.o
                                      0x62c9d (size before relaxing)
 .debug_str     0x0000000000068ef9      0x20f ./Drivers/STM32F0xx_HAL_Driver/Src/stm32f0xx_hal_rcc.o
                                      0x62f38 (size before relaxing)
 .debug_str     0x0000000000069108       0x97 ./Drivers/STM32F0xx_HAL_Driver/Src/stm32f0xx_hal_rcc_ex.o
                                      0x62c45 (size before relaxing)
 .debug_str     0x000000000006919f      0xd95 ./Drivers/STM32F0xx_HAL_Driver/Src/stm32f0xx_hal_tim.o
                                      0x63f02 (size before relaxing)
 .debug_str     0x0000000000069f34      0x493 ./Drivers/STM32F0xx_HAL_Driver/Src/stm32f0xx_hal_tim_ex.o
                                      0x6371e (size before relaxing)
 .debug_str     0x000000000006a3c7      0x847 ./Drivers/STM32F0xx_HAL_Driver/Src/stm32f0xx_hal_uart.o
                                      0x63860 (size before relaxing)

.comment        0x0000000000000000       0x50
 .comment       0x0000000000000000       0x50 ./Core/Src/cmd.o
                                         0x51 (size before relaxing)
 .comment       0x0000000000000050       0x51 ./Core/Src/debug_FZ.o
 .comment       0x0000000000000050       0x51 ./Core/Src/main.o
 .comment       0x0000000000000050       0x51 ./Core/Src/stepper_control.o
 .comment       0x0000000000000050       0x51 ./Core/Src/stm32f0xx_hal_msp.o
 .comment       0x0000000000000050       0x51 ./Core/Src/stm32f0xx_it.o
 .comment       0x0000000000000050       0x51 ./Core/Src/system_stm32f0xx.o
 .comment       0x0000000000000050       0x51 ./Drivers/STM32F0xx_HAL_Driver/Src/stm32f0xx_hal.o
 .comment       0x0000000000000050       0x51 ./Drivers/STM32F0xx_HAL_Driver/Src/stm32f0xx_hal_adc.o
 .comment       0x0000000000000050       0x51 ./Drivers/STM32F0xx_HAL_Driver/Src/stm32f0xx_hal_cortex.o
 .comment       0x0000000000000050       0x51 ./Drivers/STM32F0xx_HAL_Driver/Src/stm32f0xx_hal_dma.o
 .comment       0x0000000000000050       0x51 ./Drivers/STM32F0xx_HAL_Driver/Src/stm32f0xx_hal_gpio.o
 .comment       0x0000000000000050       0x51 ./Drivers/STM32F0xx_HAL_Driver/Src/stm32f0xx_hal_rcc.o
 .comment       0x0000000000000050       0x51 ./Drivers/STM32F0xx_HAL_Driver/Src/stm32f0xx_hal_rcc_ex.o
 .comment       0x0000000000000050       0x51 ./Drivers/STM32F0xx_HAL_Driver/Src/stm32f0xx_hal_tim.o
 .comment       0x0000000000000050       0x51 ./Drivers/STM32F0xx_HAL_Driver/Src/stm32f0xx_hal_tim_ex.o
 .comment       0x0000000000000050       0x51 ./Drivers/STM32F0xx_HAL_Driver/Src/stm32f0xx_hal_uart.o

.debug_frame    0x0000000000000000     0x3190
 .debug_frame   0x0000000000000000       0x88 ./Core/Src/cmd.o
 .debug_frame   0x0000000000000088       0x30 ./Core/Src/debug_FZ.o
 .debug_frame   0x00000000000000b8       0xe8 ./Core/Src/main.o
 .debug_frame   0x00000000000001a0       0x94 ./Core/Src/stepper_control.o
 .debug_frame   0x0000000000000234       0xf0 ./Core/Src/stm32f0xx_hal_msp.o
 .debug_frame   0x0000000000000324       0xd4 ./Core/Src/stm32f0xx_it.o
 .debug_frame   0x00000000000003f8       0x4c ./Core/Src/system_stm32f0xx.o
 .debug_frame   0x0000000000000444      0x2a4 ./Drivers/STM32F0xx_HAL_Driver/Src/stm32f0xx_hal.o
 .debug_frame   0x00000000000006e8      0x3a0 ./Drivers/STM32F0xx_HAL_Driver/Src/stm32f0xx_hal_adc.o
 .debug_frame   0x0000000000000a88      0x2a0 ./Drivers/STM32F0xx_HAL_Driver/Src/stm32f0xx_hal_cortex.o
 .debug_frame   0x0000000000000d28      0x1d0 ./Drivers/STM32F0xx_HAL_Driver/Src/stm32f0xx_hal_dma.o
 .debug_frame   0x0000000000000ef8      0x110 ./Drivers/STM32F0xx_HAL_Driver/Src/stm32f0xx_hal_gpio.o
 .debug_frame   0x0000000000001008      0x198 ./Drivers/STM32F0xx_HAL_Driver/Src/stm32f0xx_hal_rcc.o
 .debug_frame   0x00000000000011a0       0x70 ./Drivers/STM32F0xx_HAL_Driver/Src/stm32f0xx_hal_rcc_ex.o
 .debug_frame   0x0000000000001210      0xf00 ./Drivers/STM32F0xx_HAL_Driver/Src/stm32f0xx_hal_tim.o
 .debug_frame   0x0000000000002110      0x560 ./Drivers/STM32F0xx_HAL_Driver/Src/stm32f0xx_hal_tim_ex.o
 .debug_frame   0x0000000000002670      0x850 ./Drivers/STM32F0xx_HAL_Driver/Src/stm32f0xx_hal_uart.o
 .debug_frame   0x0000000000002ec0       0x2c c:/data/software/stm32/cubeide/software/stm32cubeide/plugins/com.st.stm32cube.ide.mcu.externaltools.gnu-tools-for-stm32.10.3-2021.10.win32_1.0.200.202301161003/tools/bin/../lib/gcc/arm-none-eabi/10.3.1/../../../../arm-none-eabi/lib/thumb/v6-m/nofp\libc_nano.a(lib_a-init.o)
 .debug_frame   0x0000000000002eec       0x20 c:/data/software/stm32/cubeide/software/stm32cubeide/plugins/com.st.stm32cube.ide.mcu.externaltools.gnu-tools-for-stm32.10.3-2021.10.win32_1.0.200.202301161003/tools/bin/../lib/gcc/arm-none-eabi/10.3.1/../../../../arm-none-eabi/lib/thumb/v6-m/nofp\libc_nano.a(lib_a-memset.o)
 .debug_frame   0x0000000000002f0c       0x2c c:/data/software/stm32/cubeide/software/stm32cubeide/plugins/com.st.stm32cube.ide.mcu.externaltools.gnu-tools-for-stm32.10.3-2021.10.win32_1.0.200.202301161003/tools/bin/../lib/gcc/arm-none-eabi/10.3.1/../../../../arm-none-eabi/lib/thumb/v6-m/nofp\libm.a(lib_a-s_lround.o)
 .debug_frame   0x0000000000002f38       0x20 c:/data/software/stm32/cubeide/software/stm32cubeide/plugins/com.st.stm32cube.ide.mcu.externaltools.gnu-tools-for-stm32.10.3-2021.10.win32_1.0.200.202301161003/tools/bin/../lib/gcc/arm-none-eabi/10.3.1/thumb/v6-m/nofp\libgcc.a(_udivsi3.o)
 .debug_frame   0x0000000000002f58       0x2c c:/data/software/stm32/cubeide/software/stm32cubeide/plugins/com.st.stm32cube.ide.mcu.externaltools.gnu-tools-for-stm32.10.3-2021.10.win32_1.0.200.202301161003/tools/bin/../lib/gcc/arm-none-eabi/10.3.1/thumb/v6-m/nofp\libgcc.a(_floatundidf.o)
 .debug_frame   0x0000000000002f84       0x38 c:/data/software/stm32/cubeide/software/stm32cubeide/plugins/com.st.stm32cube.ide.mcu.externaltools.gnu-tools-for-stm32.10.3-2021.10.win32_1.0.200.202301161003/tools/bin/../lib/gcc/arm-none-eabi/10.3.1/thumb/v6-m/nofp\libgcc.a(adddf3.o)
 .debug_frame   0x0000000000002fbc       0x3c c:/data/software/stm32/cubeide/software/stm32cubeide/plugins/com.st.stm32cube.ide.mcu.externaltools.gnu-tools-for-stm32.10.3-2021.10.win32_1.0.200.202301161003/tools/bin/../lib/gcc/arm-none-eabi/10.3.1/thumb/v6-m/nofp\libgcc.a(divdf3.o)
 .debug_frame   0x0000000000002ff8       0x38 c:/data/software/stm32/cubeide/software/stm32cubeide/plugins/com.st.stm32cube.ide.mcu.externaltools.gnu-tools-for-stm32.10.3-2021.10.win32_1.0.200.202301161003/tools/bin/../lib/gcc/arm-none-eabi/10.3.1/thumb/v6-m/nofp\libgcc.a(eqdf2.o)
 .debug_frame   0x0000000000003030       0x34 c:/data/software/stm32/cubeide/software/stm32cubeide/plugins/com.st.stm32cube.ide.mcu.externaltools.gnu-tools-for-stm32.10.3-2021.10.win32_1.0.200.202301161003/tools/bin/../lib/gcc/arm-none-eabi/10.3.1/thumb/v6-m/nofp\libgcc.a(gedf2.o)
 .debug_frame   0x0000000000003064       0x34 c:/data/software/stm32/cubeide/software/stm32cubeide/plugins/com.st.stm32cube.ide.mcu.externaltools.gnu-tools-for-stm32.10.3-2021.10.win32_1.0.200.202301161003/tools/bin/../lib/gcc/arm-none-eabi/10.3.1/thumb/v6-m/nofp\libgcc.a(ledf2.o)
 .debug_frame   0x0000000000003098       0x3c c:/data/software/stm32/cubeide/software/stm32cubeide/plugins/com.st.stm32cube.ide.mcu.externaltools.gnu-tools-for-stm32.10.3-2021.10.win32_1.0.200.202301161003/tools/bin/../lib/gcc/arm-none-eabi/10.3.1/thumb/v6-m/nofp\libgcc.a(muldf3.o)
 .debug_frame   0x00000000000030d4       0x3c c:/data/software/stm32/cubeide/software/stm32cubeide/plugins/com.st.stm32cube.ide.mcu.externaltools.gnu-tools-for-stm32.10.3-2021.10.win32_1.0.200.202301161003/tools/bin/../lib/gcc/arm-none-eabi/10.3.1/thumb/v6-m/nofp\libgcc.a(subdf3.o)
 .debug_frame   0x0000000000003110       0x2c c:/data/software/stm32/cubeide/software/stm32cubeide/plugins/com.st.stm32cube.ide.mcu.externaltools.gnu-tools-for-stm32.10.3-2021.10.win32_1.0.200.202301161003/tools/bin/../lib/gcc/arm-none-eabi/10.3.1/thumb/v6-m/nofp\libgcc.a(fixdfsi.o)
 .debug_frame   0x000000000000313c       0x2c c:/data/software/stm32/cubeide/software/stm32cubeide/plugins/com.st.stm32cube.ide.mcu.externaltools.gnu-tools-for-stm32.10.3-2021.10.win32_1.0.200.202301161003/tools/bin/../lib/gcc/arm-none-eabi/10.3.1/thumb/v6-m/nofp\libgcc.a(floatsidf.o)
 .debug_frame   0x0000000000003168       0x28 c:/data/software/stm32/cubeide/software/stm32cubeide/plugins/com.st.stm32cube.ide.mcu.externaltools.gnu-tools-for-stm32.10.3-2021.10.win32_1.0.200.202301161003/tools/bin/../lib/gcc/arm-none-eabi/10.3.1/thumb/v6-m/nofp\libgcc.a(floatunsidf.o)
