Archive member included to satisfy reference by file (symbol)

c:/data/software/stm32/cubeide/software/stm32cubeide/plugins/com.st.stm32cube.ide.mcu.externaltools.gnu-tools-for-stm32.10.3-2021.10.win32_1.0.200.202301161003/tools/bin/../lib/gcc/arm-none-eabi/10.3.1/../../../../arm-none-eabi/lib/thumb/v6-m/nofp\libc_nano.a(lib_a-errno.o)
                              ./Core/Src/syscalls.o (__errno)
c:/data/software/stm32/cubeide/software/stm32cubeide/plugins/com.st.stm32cube.ide.mcu.externaltools.gnu-tools-for-stm32.10.3-2021.10.win32_1.0.200.202301161003/tools/bin/../lib/gcc/arm-none-eabi/10.3.1/../../../../arm-none-eabi/lib/thumb/v6-m/nofp\libc_nano.a(lib_a-exit.o)
                              c:/data/software/stm32/cubeide/software/stm32cubeide/plugins/com.st.stm32cube.ide.mcu.externaltools.gnu-tools-for-stm32.10.3-2021.10.win32_1.0.200.202301161003/tools/bin/../lib/gcc/arm-none-eabi/10.3.1/../../../../arm-none-eabi/lib/thumb/v6-m/nofp/crt0.o (exit)
c:/data/software/stm32/cubeide/software/stm32cubeide/plugins/com.st.stm32cube.ide.mcu.externaltools.gnu-tools-for-stm32.10.3-2021.10.win32_1.0.200.202301161003/tools/bin/../lib/gcc/arm-none-eabi/10.3.1/../../../../arm-none-eabi/lib/thumb/v6-m/nofp\libc_nano.a(lib_a-impure.o)
                              c:/data/software/stm32/cubeide/software/stm32cubeide/plugins/com.st.stm32cube.ide.mcu.externaltools.gnu-tools-for-stm32.10.3-2021.10.win32_1.0.200.202301161003/tools/bin/../lib/gcc/arm-none-eabi/10.3.1/../../../../arm-none-eabi/lib/thumb/v6-m/nofp\libc_nano.a(lib_a-exit.o) (_global_impure_ptr)
c:/data/software/stm32/cubeide/software/stm32cubeide/plugins/com.st.stm32cube.ide.mcu.externaltools.gnu-tools-for-stm32.10.3-2021.10.win32_1.0.200.202301161003/tools/bin/../lib/gcc/arm-none-eabi/10.3.1/../../../../arm-none-eabi/lib/thumb/v6-m/nofp\libc_nano.a(lib_a-init.o)
                              c:/data/software/stm32/cubeide/software/stm32cubeide/plugins/com.st.stm32cube.ide.mcu.externaltools.gnu-tools-for-stm32.10.3-2021.10.win32_1.0.200.202301161003/tools/bin/../lib/gcc/arm-none-eabi/10.3.1/../../../../arm-none-eabi/lib/thumb/v6-m/nofp/crt0.o (__libc_init_array)
c:/data/software/stm32/cubeide/software/stm32cubeide/plugins/com.st.stm32cube.ide.mcu.externaltools.gnu-tools-for-stm32.10.3-2021.10.win32_1.0.200.202301161003/tools/bin/../lib/gcc/arm-none-eabi/10.3.1/../../../../arm-none-eabi/lib/thumb/v6-m/nofp\libc_nano.a(lib_a-memset.o)
                              c:/data/software/stm32/cubeide/software/stm32cubeide/plugins/com.st.stm32cube.ide.mcu.externaltools.gnu-tools-for-stm32.10.3-2021.10.win32_1.0.200.202301161003/tools/bin/../lib/gcc/arm-none-eabi/10.3.1/../../../../arm-none-eabi/lib/thumb/v6-m/nofp/crt0.o (memset)
c:/data/software/stm32/cubeide/software/stm32cubeide/plugins/com.st.stm32cube.ide.mcu.externaltools.gnu-tools-for-stm32.10.3-2021.10.win32_1.0.200.202301161003/tools/bin/../lib/gcc/arm-none-eabi/10.3.1/thumb/v6-m/nofp\libgcc.a(_udivsi3.o)
                              ./Core/Src/stepper_control.o (__aeabi_uidiv)
c:/data/software/stm32/cubeide/software/stm32cubeide/plugins/com.st.stm32cube.ide.mcu.externaltools.gnu-tools-for-stm32.10.3-2021.10.win32_1.0.200.202301161003/tools/bin/../lib/gcc/arm-none-eabi/10.3.1/thumb/v6-m/nofp\libgcc.a(_dvmd_tls.o)
                              c:/data/software/stm32/cubeide/software/stm32cubeide/plugins/com.st.stm32cube.ide.mcu.externaltools.gnu-tools-for-stm32.10.3-2021.10.win32_1.0.200.202301161003/tools/bin/../lib/gcc/arm-none-eabi/10.3.1/thumb/v6-m/nofp\libgcc.a(_udivsi3.o) (__aeabi_idiv0)

Discarded input sections

 .text          0x0000000000000000        0x0 c:/data/software/stm32/cubeide/software/stm32cubeide/plugins/com.st.stm32cube.ide.mcu.externaltools.gnu-tools-for-stm32.10.3-2021.10.win32_1.0.200.202301161003/tools/bin/../lib/gcc/arm-none-eabi/10.3.1/thumb/v6-m/nofp/crti.o
 .data          0x0000000000000000        0x0 c:/data/software/stm32/cubeide/software/stm32cubeide/plugins/com.st.stm32cube.ide.mcu.externaltools.gnu-tools-for-stm32.10.3-2021.10.win32_1.0.200.202301161003/tools/bin/../lib/gcc/arm-none-eabi/10.3.1/thumb/v6-m/nofp/crti.o
 .bss           0x0000000000000000        0x0 c:/data/software/stm32/cubeide/software/stm32cubeide/plugins/com.st.stm32cube.ide.mcu.externaltools.gnu-tools-for-stm32.10.3-2021.10.win32_1.0.200.202301161003/tools/bin/../lib/gcc/arm-none-eabi/10.3.1/thumb/v6-m/nofp/crti.o
 .data          0x0000000000000000        0x4 c:/data/software/stm32/cubeide/software/stm32cubeide/plugins/com.st.stm32cube.ide.mcu.externaltools.gnu-tools-for-stm32.10.3-2021.10.win32_1.0.200.202301161003/tools/bin/../lib/gcc/arm-none-eabi/10.3.1/thumb/v6-m/nofp/crtbegin.o
 .rodata        0x0000000000000000       0x24 c:/data/software/stm32/cubeide/software/stm32cubeide/plugins/com.st.stm32cube.ide.mcu.externaltools.gnu-tools-for-stm32.10.3-2021.10.win32_1.0.200.202301161003/tools/bin/../lib/gcc/arm-none-eabi/10.3.1/thumb/v6-m/nofp/crtbegin.o
[...]
Memory Configuration

Name             Origin             Length             Attributes
RAM              0x0000000020000000 0x0000000000001000 xrw
FLASH            0x0000000008000000 0x0000000000008000 xr
*default*        0x0000000000000000 0xffffffffffffffff

Linker script and memory map

LOAD c:/data/software/stm32/cubeide/software/stm32cubeide/plugins/com.st.stm32cube.ide.mcu.externaltools.gnu-tools-for-stm32.10.3-2021.10.win32_1.0.200.202301161003/tools/bin/../lib/gcc/arm-none-eabi/10.3.1/thumb/v6-m/nofp/crti.o
LOAD c:/data/software/stm32/cubeide/software/stm32cubeide/plugins/com.st.stm32cube.ide.mcu.externaltools.gnu-tools-for-stm32.10.3-2021.10.win32_1.0.200.202301161003/tools/bin/../lib/gcc/arm-none-eabi/10.3.1/thumb/v6-m/nofp/crtbegin.o
LOAD c:/data/software/stm32/cubeide/software/stm32cubeide/plugins/com.st.stm32cube.ide.mcu.externaltools.gnu-tools-for-stm32.10.3-2021.10.win32_1.0.200.202301161003/tools/bin/../lib/gcc/arm-none-eabi/10.3.1/../../../../arm-none-eabi/lib/thumb/v6-m/nofp/crt0.o
LOAD ./Core/Src/cmd.o
LOAD ./Core/Src/debug_FZ.o
LOAD ./Core/Src/main.o
LOAD ./Core/Src/stepper_control.o
LOAD ./Core/Src/stm32f0xx_hal_msp.o
LOAD ./Core/Src/stm32f0xx_it.o
LOAD ./Core/Src/syscalls.o
LOAD ./Core/Src/sysmem.o
LOAD ./Core/Src/system_stm32f0xx.o
LOAD ./Core/Startup/startup_stm32f031f6px.o
LOAD ./Drivers/STM32F0xx_HAL_Driver/Src/stm32f0xx_hal.o
LOAD ./Drivers/STM32F0xx_HAL_Driver/Src/stm32f0xx_hal_adc.o
LOAD ./Drivers/STM32F0xx_HAL_Driver/Src/stm32f0xx_hal_adc_ex.o
LOAD ./Drivers/STM32F0xx_HAL_Driver/Src/stm32f0xx_hal_cortex.o
LOAD ./Drivers/STM32F0xx_HAL_Driver/Src/stm32f0xx_hal_dma.o
LOAD ./Drivers/STM32F0xx_HAL_Driver/Src/stm32f0xx_hal_exti.o
LOAD ./Drivers/STM32F0xx_HAL_Driver/Src/stm32f0xx_hal_flash.o
LOAD ./Drivers/STM32F0xx_HAL_Driver/Src/stm32f0xx_hal_flash_ex.o
LOAD ./Drivers/STM32F0xx_HAL_Driver/Src/stm32f0xx_hal_gpio.o
LOAD ./Drivers/STM32F0xx_HAL_Driver/Src/stm32f0xx_hal_i2c.o
LOAD ./Drivers/STM32F0xx_HAL_Driver/Src/stm32f0xx_hal_i2c_ex.o
LOAD ./Drivers/STM32F0xx_HAL_Driver/Src/stm32f0xx_hal_pwr.o
LOAD ./Drivers/STM32F0xx_HAL_Driver/Src/stm32f0xx_hal_pwr_ex.o
LOAD ./Drivers/STM32F0xx_HAL_Driver/Src/stm32f0xx_hal_rcc.o
LOAD ./Drivers/STM32F0xx_HAL_Driver/Src/stm32f0xx_hal_rcc_ex.o
LOAD ./Drivers/STM32F0xx_HAL_Driver/Src/stm32f0xx_hal_tim.o
LOAD ./Drivers/STM32F0xx_HAL_Driver/Src/stm32f0xx_hal_tim_ex.o
LOAD ./Drivers/STM32F0xx_HAL_Driver/Src/stm32f0xx_hal_uart.o
LOAD ./Drivers/STM32F0xx_HAL_Driver/Src/stm32f0xx_hal_uart_ex.o
START GROUP
LOAD c:/data/software/stm32/cubeide/software/stm32cubeide/plugins/com.st.stm32cube.ide.mcu.externaltools.gnu-tools-for-stm32.10.3-2021.10.win32_1.0.200.202301161003/tools/bin/../lib/gcc/arm-none-eabi/10.3.1/../../../../arm-none-eabi/lib/thumb/v6-m/nofp\libc_nano.a
LOAD c:/data/software/stm32/cubeide/software/stm32cubeide/plugins/com.st.stm32cube.ide.mcu.externaltools.gnu-tools-for-stm32.10.3-2021.10.win32_1.0.200.202301161003/tools/bin/../lib/gcc/arm-none-eabi/10.3.1/../../../../arm-none-eabi/lib/thumb/v6-m/nofp\libm.a
END GROUP
START GROUP
LOAD c:/data/software/stm32/cubeide/software/stm32cubeide/plugins/com.st.stm32cube.ide.mcu.externaltools.gnu-tools-for-stm32.10.3-2021.10.win32_1.0.200.202301161003/tools/bin/../lib/gcc/arm-none-eabi/10.3.1/thumb/v6-m/nofp\libgcc.a
LOAD c:/data/software/stm32/cubeide/software/stm32cubeide/plugins/com.st.stm32cube.ide.mcu.externaltools.gnu-tools-for-stm32.10.3-2021.10.win32_1.0.200.202301161003/tools/bin/../lib/gcc/arm-none-eabi/10.3.1/../../../../arm-none-eabi/lib/thumb/v6-m/nofp\libc_nano.a
END GROUP
START GROUP
LOAD c:/data/software/stm32/cubeide/software/stm32cubeide/plugins/com.st.stm32cube.ide.mcu.externaltools.gnu-tools-for-stm32.10.3-2021.10.win32_1.0.200.202301161003/tools/bin/../lib/gcc/arm-none-eabi/10.3.1/thumb/v6-m/nofp\libgcc.a
LOAD c:/data/software/stm32/cubeide/software/stm32cubeide/plugins/com.st.stm32cube.ide.mcu.externaltools.gnu-tools-for-stm32.10.3-2021.10.win32_1.0.200.202301161003/tools/bin/../lib/gcc/arm-none-eabi/10.3.1/../../../../arm-none-eabi/lib/thumb/v6-m/nofp\libc_nano.a
LOAD c:/data/software/stm32/cubeide/software/stm32cubeide/plugins/com.st.stm32cube.ide.mcu.externaltools.gnu-tools-for-stm32.10.3-2021.10.win32_1.0.200.202301161003/tools/bin/../lib/gcc/arm-none-eabi/10.3.1/../../../../arm-none-eabi/lib/thumb/v6-m/nofp\libnosys.a
END GROUP
START GROUP
LOAD c:/data/software/stm32/cubeide/software/stm32cubeide/plugins/com.st.stm32cube.ide.mcu.externaltools.gnu-tools-for-stm32.10.3-2021.10.win32_1.0.200.202301161003/tools/bin/../lib/gcc/arm-none-eabi/10.3.1/thumb/v6-m/nofp\libgcc.a
LOAD c:/data/software/stm32/cubeide/software/stm32cubeide/plugins/com.st.stm32cube.ide.mcu.externaltools.gnu-tools-for-stm32.10.3-2021.10.win32_1.0.200.202301161003/tools/bin/../lib/gcc/arm-none-eabi/10.3.1/../../../../arm-none-eabi/lib/thumb/v6-m/nofp\libc_nano.a
LOAD c:/data/software/stm32/cubeide/software/stm32cubeide/plugins/com.st.stm32cube.ide.mcu.externaltools.gnu-tools-for-stm32.10.3-2021.10.win32_1.0.200.202301161003/tools/bin/../lib/gcc/arm-none-eabi/10.3.1/../../../../arm-none-eabi/lib/thumb/v6-m/nofp\libnosys.a
END GROUP
LOAD c:/data/software/stm32/cubeide/software/stm32cubeide/plugins/com.st.stm32cube.ide.mcu.externaltools.gnu-tools-for-stm32.10.3-2021.10.win32_1.0.200.202301161003/tools/bin/../lib/gcc/arm-none-eabi/10.3.1/thumb/v6-m/nofp/crtend.o
LOAD c:/data/software/stm32/cubeide/software/stm32cubeide/plugins/com.st.stm32cube.ide.mcu.externaltools.gnu-tools-for-stm32.10.3-2021.10.win32_1.0.200.202301161003/tools/bin/../lib/gcc/arm-none-eabi/10.3.1/thumb/v6-m/nofp/crtn.o
                0x0000000020001000                _estack = (ORIGIN (RAM) + LENGTH (RAM))
                0x0000000000000200                _Min_Heap_Size = 0x200
                0x0000000000000400                _Min_Stack_Size = 0x400

.isr_vector     0x0000000008000000       0xc0
                0x0000000008000000                . = ALIGN (0x4)
 *(.isr_vector)
 .isr_vector    0x0000000008000000       0xc0 ./Core/Startup/startup_stm32f031f6px.o
                0x0000000008000000                g_pfnVectors
                0x00000000080000c0                . = ALIGN (0x4)

.text           0x00000000080000c0     0x2e28
                0x00000000080000c0                . = ALIGN (0x4)
 *(.text)
 .text          0x00000000080000c0       0x48 c:/data/software/stm32/cubeide/software/stm32cubeide/plugins/com.st.stm32cube.ide.mcu.externaltools.gnu-tools-for-stm32.10.3-2021.10.win32_1.0.200.202301161003/tools/bin/../lib/gcc/arm-none-eabi/10.3.1/thumb/v6-m/nofp/crtbegin.o
 .text          0x0000000008000108      0x114 c:/data/software/stm32/cubeide/software/stm32cubeide/plugins/com.st.stm32cube.ide.mcu.externaltools.gnu-tools-for-stm32.10.3-2021.10.win32_1.0.200.202301161003/tools/bin/../lib/gcc/arm-none-eabi/10.3.1/thumb/v6-m/nofp\libgcc.a(_udivsi3.o)
                0x0000000008000108                __aeabi_uidiv
                0x0000000008000108                __udivsi3
                0x0000000008000214                __aeabi_uidivmod
 .text          0x000000000800021c        0x4 c:/data/software/stm32/cubeide/software/stm32cubeide/plugins/com.st.stm32cube.ide.mcu.externaltools.gnu-tools-for-stm32.10.3-2021.10.win32_1.0.200.202301161003/tools/bin/../lib/gcc/arm-none-eabi/10.3.1/thumb/v6-m/nofp\libgcc.a(_dvmd_tls.o)
                0x000000000800021c                __aeabi_idiv0
                0x000000000800021c                __aeabi_ldiv0
 *(.text*)
 .text.MX_USART1_UART_Init
                0x0000000008000220       0x60 ./Core/Src/cmd.o
                0x0000000008000220                MX_USART1_UART_Init
 .text.HAL_UART_RxCpltCallback
                0x0000000008000280       0x34 ./Core/Src/cmd.o
                0x0000000008000280                HAL_UART_RxCpltCallback
 .text.DMA_init
                0x00000000080002b4       0x3c ./Core/Src/cmd.o
                0x00000000080002b4                DMA_init
 .text.Parse_CMD
                0x00000000080002f0      0x148 ./Core/Src/cmd.o
                0x00000000080002f0                Parse_CMD
 .text.flash_led_once
                0x0000000008000438       0x34 ./Core/Src/debug_FZ.o
                0x0000000008000438                flash_led_once
 .text.main     0x000000000800046c       0x58 ./Core/Src/main.o
                0x000000000800046c                main
 .text.SystemClock_Config
                0x00000000080004c4       0xca ./Core/Src/main.o
                0x00000000080004c4                SystemClock_Config
 *fill*         0x000000000800058e        0x2 
 .text.MX_ADC_Init
                0x0000000008000590       0xb8 ./Core/Src/main.o
 .text.MX_DMA_Init
                0x0000000008000648       0x3c ./Core/Src/main.o
 .text.MX_GPIO_Init
                0x0000000008000684      0x104 ./Core/Src/main.o
 .text.Error_Handler
                0x0000000008000788        0xa ./Core/Src/main.o
                0x0000000008000788                Error_Handler
 *fill*         0x0000000008000792        0x2 
 .text.stepper_init
                0x0000000008000794       0x88 ./Core/Src/stepper_control.o
                0x0000000008000794                stepper_init
 .text.move_steps
                0x000000000800081c       0x98 ./Core/Src/stepper_control.o
                0x000000000800081c                move_steps
 .text.HAL_MspInit
                0x00000000080008b4       0x48 ./Core/Src/stm32f0xx_hal_msp.o
                0x00000000080008b4                HAL_MspInit
 .text.HAL_ADC_MspInit
                0x00000000080008fc       0x40 ./Core/Src/stm32f0xx_hal_msp.o
                0x00000000080008fc                HAL_ADC_MspInit
 .text.HAL_UART_MspInit
                0x000000000800093c       0xec ./Core/Src/stm32f0xx_hal_msp.o
                0x000000000800093c                HAL_UART_MspInit
 .text.NMI_Handler
                0x0000000008000a28        0x6 ./Core/Src/stm32f0xx_it.o
                0x0000000008000a28                NMI_Handler
 .text.HardFault_Handler
                0x0000000008000a2e        0x6 ./Core/Src/stm32f0xx_it.o
                0x0000000008000a2e                HardFault_Handler
 .text.SVC_Handler
                0x0000000008000a34        0xa ./Core/Src/stm32f0xx_it.o
                0x0000000008000a34                SVC_Handler
 .text.PendSV_Handler
                0x0000000008000a3e        0xa ./Core/Src/stm32f0xx_it.o
                0x0000000008000a3e                PendSV_Handler
 .text.SysTick_Handler
                0x0000000008000a48        0xe ./Core/Src/stm32f0xx_it.o
                0x0000000008000a48                SysTick_Handler
 *fill*         0x0000000008000a56        0x2 
 .text.DMA1_Channel2_3_IRQHandler
                0x0000000008000a58       0x18 ./Core/Src/stm32f0xx_it.o
                0x0000000008000a58                DMA1_Channel2_3_IRQHandler
 .text.SystemInit
                0x0000000008000a70        0xa ./Core/Src/system_stm32f0xx.o
                0x0000000008000a70                SystemInit
 *fill*         0x0000000008000a7a        0x2 
 .text.Reset_Handler
                0x0000000008000a7c       0x50 ./Core/Startup/startup_stm32f031f6px.o
                0x0000000008000a7c                Reset_Handler
 .text.Default_Handler
                0x0000000008000acc        0x2 ./Core/Startup/startup_stm32f031f6px.o
                0x0000000008000acc                TIM1_CC_IRQHandler
                0x0000000008000acc                PVD_IRQHandler
                0x0000000008000acc                I2C1_IRQHandler
                0x0000000008000acc                SPI1_IRQHandler
                0x0000000008000acc                EXTI2_3_IRQHandler
                0x0000000008000acc                ADC1_IRQHandler
                0x0000000008000acc                TIM17_IRQHandler
                0x0000000008000acc                RTC_IRQHandler
                0x0000000008000acc                TIM16_IRQHandler
                0x0000000008000acc                TIM3_IRQHandler
                0x0000000008000acc                EXTI4_15_IRQHandler
                0x0000000008000acc                RCC_IRQHandler
                0x0000000008000acc                DMA1_Channel1_IRQHandler
                0x0000000008000acc                Default_Handler
                0x0000000008000acc                TIM14_IRQHandler
                0x0000000008000acc                DMA1_Channel4_5_IRQHandler
                0x0000000008000acc                EXTI0_1_IRQHandler
                0x0000000008000acc                WWDG_IRQHandler
                0x0000000008000acc                TIM2_IRQHandler
                0x0000000008000acc                FLASH_IRQHandler
                0x0000000008000acc                USART1_IRQHandler
                0x0000000008000acc                TIM1_BRK_UP_TRG_COM_IRQHandler
 *fill*         0x0000000008000ace        0x2 
 .text.HAL_Init
                0x0000000008000ad0       0x28 ./Drivers/STM32F0xx_HAL_Driver/Src/stm32f0xx_hal.o
                0x0000000008000ad0                HAL_Init
 .text.HAL_InitTick
                0x0000000008000af8       0x68 ./Drivers/STM32F0xx_HAL_Driver/Src/stm32f0xx_hal.o
                0x0000000008000af8                HAL_InitTick
 .text.HAL_IncTick
                0x0000000008000b60       0x24 ./Drivers/STM32F0xx_HAL_Driver/Src/stm32f0xx_hal.o
                0x0000000008000b60                HAL_IncTick
 .text.HAL_GetTick
                0x0000000008000b84       0x14 ./Drivers/STM32F0xx_HAL_Driver/Src/stm32f0xx_hal.o
                0x0000000008000b84                HAL_GetTick
 .text.HAL_Delay
                0x0000000008000b98       0x48 ./Drivers/STM32F0xx_HAL_Driver/Src/stm32f0xx_hal.o
                0x0000000008000b98                HAL_Delay
 .text.HAL_ADC_Init
                0x0000000008000be0      0x280 ./Drivers/STM32F0xx_HAL_Driver/Src/stm32f0xx_hal_adc.o
                0x0000000008000be0                HAL_ADC_Init
 .text.HAL_ADC_ConfigChannel
                0x0000000008000e60      0x21c ./Drivers/STM32F0xx_HAL_Driver/Src/stm32f0xx_hal_adc.o
                0x0000000008000e60                HAL_ADC_ConfigChannel
 .text.__NVIC_EnableIRQ
                0x000000000800107c       0x34 ./Drivers/STM32F0xx_HAL_Driver/Src/stm32f0xx_hal_cortex.o
 .text.__NVIC_SetPriority
                0x00000000080010b0       0xdc ./Drivers/STM32F0xx_HAL_Driver/Src/stm32f0xx_hal_cortex.o
 .text.SysTick_Config
                0x000000000800118c       0x48 ./Drivers/STM32F0xx_HAL_Driver/Src/stm32f0xx_hal_cortex.o
 .text.HAL_NVIC_SetPriority
                0x00000000080011d4       0x2a ./Drivers/STM32F0xx_HAL_Driver/Src/stm32f0xx_hal_cortex.o
                0x00000000080011d4                HAL_NVIC_SetPriority
 .text.HAL_NVIC_EnableIRQ
                0x00000000080011fe       0x20 ./Drivers/STM32F0xx_HAL_Driver/Src/stm32f0xx_hal_cortex.o
                0x00000000080011fe                HAL_NVIC_EnableIRQ
 .text.HAL_SYSTICK_Config
                0x000000000800121e       0x1a ./Drivers/STM32F0xx_HAL_Driver/Src/stm32f0xx_hal_cortex.o
                0x000000000800121e                HAL_SYSTICK_Config
 .text.HAL_DMA_Init
                0x0000000008001238       0x90 ./Drivers/STM32F0xx_HAL_Driver/Src/stm32f0xx_hal_dma.o
                0x0000000008001238                HAL_DMA_Init
 .text.HAL_DMA_Start_IT
                0x00000000080012c8       0xcc ./Drivers/STM32F0xx_HAL_Driver/Src/stm32f0xx_hal_dma.o
                0x00000000080012c8                HAL_DMA_Start_IT
 .text.HAL_DMA_IRQHandler
                0x0000000008001394      0x144 ./Drivers/STM32F0xx_HAL_Driver/Src/stm32f0xx_hal_dma.o
                0x0000000008001394                HAL_DMA_IRQHandler
 .text.DMA_SetConfig
                0x00000000080014d8       0x58 ./Drivers/STM32F0xx_HAL_Driver/Src/stm32f0xx_hal_dma.o
 .text.DMA_CalcBaseAndBitshift
                0x0000000008001530       0x38 ./Drivers/STM32F0xx_HAL_Driver/Src/stm32f0xx_hal_dma.o
 .text.HAL_GPIO_Init
                0x0000000008001568      0x2d0 ./Drivers/STM32F0xx_HAL_Driver/Src/stm32f0xx_hal_gpio.o
                0x0000000008001568                HAL_GPIO_Init
 .text.HAL_GPIO_WritePin
                0x0000000008001838       0x3a ./Drivers/STM32F0xx_HAL_Driver/Src/stm32f0xx_hal_gpio.o
                0x0000000008001838                HAL_GPIO_WritePin
 *fill*         0x0000000008001872        0x2 
 .text.HAL_RCC_OscConfig
                0x0000000008001874      0x634 ./Drivers/STM32F0xx_HAL_Driver/Src/stm32f0xx_hal_rcc.o
                0x0000000008001874                HAL_RCC_OscConfig
 .text.HAL_RCC_ClockConfig
                0x0000000008001ea8      0x19c ./Drivers/STM32F0xx_HAL_Driver/Src/stm32f0xx_hal_rcc.o
                0x0000000008001ea8                HAL_RCC_ClockConfig
 .text.HAL_RCC_GetSysClockFreq
                0x0000000008002044       0xac ./Drivers/STM32F0xx_HAL_Driver/Src/stm32f0xx_hal_rcc.o
                0x0000000008002044                HAL_RCC_GetSysClockFreq
 .text.HAL_RCC_GetHCLKFreq
                0x00000000080020f0       0x14 ./Drivers/STM32F0xx_HAL_Driver/Src/stm32f0xx_hal_rcc.o
                0x00000000080020f0                HAL_RCC_GetHCLKFreq
 .text.HAL_RCC_GetPCLK1Freq
                0x0000000008002104       0x2c ./Drivers/STM32F0xx_HAL_Driver/Src/stm32f0xx_hal_rcc.o
                0x0000000008002104                HAL_RCC_GetPCLK1Freq
 .text.HAL_RCCEx_PeriphCLKConfig
                0x0000000008002130      0x19c ./Drivers/STM32F0xx_HAL_Driver/Src/stm32f0xx_hal_rcc_ex.o
                0x0000000008002130                HAL_RCCEx_PeriphCLKConfig
 .text.HAL_UART_Init
                0x00000000080022cc       0xa8 ./Drivers/STM32F0xx_HAL_Driver/Src/stm32f0xx_hal_uart.o
                0x00000000080022cc                HAL_UART_Init
 .text.HAL_UART_Receive_DMA
                0x0000000008002374       0xae ./Drivers/STM32F0xx_HAL_Driver/Src/stm32f0xx_hal_uart.o
                0x0000000008002374                HAL_UART_Receive_DMA
 .text.HAL_UART_RxHalfCpltCallback
                0x0000000008002422       0x10 ./Drivers/STM32F0xx_HAL_Driver/Src/stm32f0xx_hal_uart.o
                0x0000000008002422                HAL_UART_RxHalfCpltCallback
 .text.HAL_UART_ErrorCallback
                0x0000000008002432       0x10 ./Drivers/STM32F0xx_HAL_Driver/Src/stm32f0xx_hal_uart.o
                0x0000000008002432                HAL_UART_ErrorCallback
 .text.HAL_UARTEx_RxEventCallback
                0x0000000008002442       0x16 ./Drivers/STM32F0xx_HAL_Driver/Src/stm32f0xx_hal_uart.o
                0x0000000008002442                HAL_UARTEx_RxEventCallback
 .text.UART_SetConfig
                0x0000000008002458      0x250 ./Drivers/STM32F0xx_HAL_Driver/Src/stm32f0xx_hal_uart.o
                0x0000000008002458                UART_SetConfig
 .text.UART_AdvFeatureConfig
                0x00000000080026a8      0x168 ./Drivers/STM32F0xx_HAL_Driver/Src/stm32f0xx_hal_uart.o
                0x00000000080026a8                UART_AdvFeatureConfig
 .text.UART_CheckIdleState
                0x0000000008002810      0x150 ./Drivers/STM32F0xx_HAL_Driver/Src/stm32f0xx_hal_uart.o
                0x0000000008002810                UART_CheckIdleState
 .text.UART_WaitOnFlagUntilTimeout
                0x0000000008002960       0xd2 ./Drivers/STM32F0xx_HAL_Driver/Src/stm32f0xx_hal_uart.o
                0x0000000008002960                UART_WaitOnFlagUntilTimeout
 *fill*         0x0000000008002a32        0x2 
 .text.UART_Start_Receive_DMA
                0x0000000008002a34      0x140 ./Drivers/STM32F0xx_HAL_Driver/Src/stm32f0xx_hal_uart.o
                0x0000000008002a34                UART_Start_Receive_DMA
 .text.UART_EndTxTransfer
                0x0000000008002b74       0x48 ./Drivers/STM32F0xx_HAL_Driver/Src/stm32f0xx_hal_uart.o
 .text.UART_EndRxTransfer
                0x0000000008002bbc       0xc8 ./Drivers/STM32F0xx_HAL_Driver/Src/stm32f0xx_hal_uart.o
 .text.UART_DMAReceiveCplt
                0x0000000008002c84      0x12c ./Drivers/STM32F0xx_HAL_Driver/Src/stm32f0xx_hal_uart.o
 .text.UART_DMARxHalfCplt
                0x0000000008002db0       0x42 ./Drivers/STM32F0xx_HAL_Driver/Src/stm32f0xx_hal_uart.o
 .text.UART_DMAError
                0x0000000008002df2       0x84 ./Drivers/STM32F0xx_HAL_Driver/Src/stm32f0xx_hal_uart.o
 *fill*         0x0000000008002e76        0x2 
 .text.__libc_init_array
                0x0000000008002e78       0x48 c:/data/software/stm32/cubeide/software/stm32cubeide/plugins/com.st.stm32cube.ide.mcu.externaltools.gnu-tools-for-stm32.10.3-2021.10.win32_1.0.200.202301161003/tools/bin/../lib/gcc/arm-none-eabi/10.3.1/../../../../arm-none-eabi/lib/thumb/v6-m/nofp\libc_nano.a(lib_a-init.o)
                0x0000000008002e78                __libc_init_array
 .text.memset   0x0000000008002ec0       0x10 c:/data/software/stm32/cubeide/software/stm32cubeide/plugins/com.st.stm32cube.ide.mcu.externaltools.gnu-tools-for-stm32.10.3-2021.10.win32_1.0.200.202301161003/tools/bin/../lib/gcc/arm-none-eabi/10.3.1/../../../../arm-none-eabi/lib/thumb/v6-m/nofp\libc_nano.a(lib_a-memset.o)
                0x0000000008002ec0                memset
 *(.glue_7)
 .glue_7        0x0000000008002ed0        0x0 linker stubs
 *(.glue_7t)
 .glue_7t       0x0000000008002ed0        0x0 linker stubs
 *(.eh_frame)
 .eh_frame      0x0000000008002ed0        0x0 c:/data/software/stm32/cubeide/software/stm32cubeide/plugins/com.st.stm32cube.ide.mcu.externaltools.gnu-tools-for-stm32.10.3-2021.10.win32_1.0.200.202301161003/tools/bin/../lib/gcc/arm-none-eabi/10.3.1/thumb/v6-m/nofp/crtbegin.o
 *(.init)
 .init          0x0000000008002ed0        0x4 c:/data/software/stm32/cubeide/software/stm32cubeide/plugins/com.st.stm32cube.ide.mcu.externaltools.gnu-tools-for-stm32.10.3-2021.10.win32_1.0.200.202301161003/tools/bin/../lib/gcc/arm-none-eabi/10.3.1/thumb/v6-m/nofp/crti.o
                0x0000000008002ed0                _init
 .init          0x0000000008002ed4        0x8 c:/data/software/stm32/cubeide/software/stm32cubeide/plugins/com.st.stm32cube.ide.mcu.externaltools.gnu-tools-for-stm32.10.3-2021.10.win32_1.0.200.202301161003/tools/bin/../lib/gcc/arm-none-eabi/10.3.1/thumb/v6-m/nofp/crtn.o
 *(.fini)
 .fini          0x0000000008002edc        0x4 c:/data/software/stm32/cubeide/software/stm32cubeide/plugins/com.st.stm32cube.ide.mcu.externaltools.gnu-tools-for-stm32.10.3-2021.10.win32_1.0.200.202301161003/tools/bin/../lib/gcc/arm-none-eabi/10.3.1/thumb/v6-m/nofp/crti.o
                0x0000000008002edc                _fini
 .fini          0x0000000008002ee0        0x8 c:/data/software/stm32/cubeide/software/stm32cubeide/plugins/com.st.stm32cube.ide.mcu.externaltools.gnu-tools-for-stm32.10.3-2021.10.win32_1.0.200.202301161003/tools/bin/../lib/gcc/arm-none-eabi/10.3.1/thumb/v6-m/nofp/crtn.o
                0x0000000008002ee8                . = ALIGN (0x4)
                0x0000000008002ee8                _etext = .

.vfp11_veneer   0x0000000008002ee8        0x0
 .vfp11_veneer  0x0000000008002ee8        0x0 linker stubs

.v4_bx          0x0000000008002ee8        0x0
 .v4_bx         0x0000000008002ee8        0x0 linker stubs

.iplt           0x0000000008002ee8        0x0
 .iplt          0x0000000008002ee8        0x0 c:/data/software/stm32/cubeide/software/stm32cubeide/plugins/com.st.stm32cube.ide.mcu.externaltools.gnu-tools-for-stm32.10.3-2021.10.win32_1.0.200.202301161003/tools/bin/../lib/gcc/arm-none-eabi/10.3.1/thumb/v6-m/nofp/crtbegin.o

.rodata         0x0000000008002ee8       0x38
                0x0000000008002ee8                . = ALIGN (0x4)
 *(.rodata)
 *(.rodata*)
 .rodata.AHBPrescTable
                0x0000000008002ee8       0x10 ./Core/Src/system_stm32f0xx.o
                0x0000000008002ee8                AHBPrescTable
 .rodata.APBPrescTable
                0x0000000008002ef8        0x8 ./Core/Src/system_stm32f0xx.o
                0x0000000008002ef8                APBPrescTable
 .rodata.aPLLMULFactorTable.1
                0x0000000008002f00       0x10 ./Drivers/STM32F0xx_HAL_Driver/Src/stm32f0xx_hal_rcc.o
 .rodata.aPredivFactorTable.0
                0x0000000008002f10       0x10 ./Drivers/STM32F0xx_HAL_Driver/Src/stm32f0xx_hal_rcc.o
                0x0000000008002f20                . = ALIGN (0x4)

.rel.dyn        0x0000000008002f20        0x0
 .rel.iplt      0x0000000008002f20        0x0 c:/data/software/stm32/cubeide/software/stm32cubeide/plugins/com.st.stm32cube.ide.mcu.externaltools.gnu-tools-for-stm32.10.3-2021.10.win32_1.0.200.202301161003/tools/bin/../lib/gcc/arm-none-eabi/10.3.1/thumb/v6-m/nofp/crtbegin.o

.ARM.extab      0x0000000008002f20        0x0
                0x0000000008002f20                . = ALIGN (0x4)
 *(.ARM.extab* .gnu.linkonce.armextab.*)
                0x0000000008002f20                . = ALIGN (0x4)

.ARM            0x0000000008002f20        0x0
                0x0000000008002f20                . = ALIGN (0x4)
                0x0000000008002f20                __exidx_start = .
 *(.ARM.exidx*)
                0x0000000008002f20                __exidx_end = .
                0x0000000008002f20                . = ALIGN (0x4)

.preinit_array  0x0000000008002f20        0x0
                0x0000000008002f20                . = ALIGN (0x4)
                0x0000000008002f20                PROVIDE (__preinit_array_start = .)
 *(.preinit_array*)
                0x0000000008002f20                PROVIDE (__preinit_array_end = .)
                0x0000000008002f20                . = ALIGN (0x4)

.init_array     0x0000000008002f20        0x4
                0x0000000008002f20                . = ALIGN (0x4)
                0x0000000008002f20                PROVIDE (__init_array_start = .)
 *(SORT_BY_NAME(.init_array.*))
 *(.init_array*)
 .init_array    0x0000000008002f20        0x4 c:/data/software/stm32/cubeide/software/stm32cubeide/plugins/com.st.stm32cube.ide.mcu.externaltools.gnu-tools-for-stm32.10.3-2021.10.win32_1.0.200.202301161003/tools/bin/../lib/gcc/arm-none-eabi/10.3.1/thumb/v6-m/nofp/crtbegin.o
                0x0000000008002f24                PROVIDE (__init_array_end = .)
                0x0000000008002f24                . = ALIGN (0x4)

.fini_array     0x0000000008002f24        0x4
                0x0000000008002f24                . = ALIGN (0x4)
                [!provide]                        PROVIDE (__fini_array_start = .)
 *(SORT_BY_NAME(.fini_array.*))
 *(.fini_array*)
 .fini_array    0x0000000008002f24        0x4 c:/data/software/stm32/cubeide/software/stm32cubeide/plugins/com.st.stm32cube.ide.mcu.externaltools.gnu-tools-for-stm32.10.3-2021.10.win32_1.0.200.202301161003/tools/bin/../lib/gcc/arm-none-eabi/10.3.1/thumb/v6-m/nofp/crtbegin.o
                [!provide]                        PROVIDE (__fini_array_end = .)
                0x0000000008002f28                . = ALIGN (0x4)
                0x0000000008002f28                _sidata = LOADADDR (.data)

.data           0x0000000020000000        0xc load address 0x0000000008002f28
                0x0000000020000000                . = ALIGN (0x4)
                0x0000000020000000                _sdata = .
 *(.data)
 *(.data*)
 .data.SystemCoreClock
                0x0000000020000000        0x4 ./Core/Src/system_stm32f0xx.o
                0x0000000020000000                SystemCoreClock
 .data.uwTickPrio
                0x0000000020000004        0x4 ./Drivers/STM32F0xx_HAL_Driver/Src/stm32f0xx_hal.o
                0x0000000020000004                uwTickPrio
 .data.uwTickFreq
                0x0000000020000008        0x1 ./Drivers/STM32F0xx_HAL_Driver/Src/stm32f0xx_hal.o
                0x0000000020000008                uwTickFreq
 *(.RamFunc)
 *(.RamFunc*)
                0x000000002000000c                . = ALIGN (0x4)
 *fill*         0x0000000020000009        0x3 
                0x000000002000000c                _edata = .

.igot.plt       0x000000002000000c        0x0 load address 0x0000000008002f34
 .igot.plt      0x000000002000000c        0x0 c:/data/software/stm32/cubeide/software/stm32cubeide/plugins/com.st.stm32cube.ide.mcu.externaltools.gnu-tools-for-stm32.10.3-2021.10.win32_1.0.200.202301161003/tools/bin/../lib/gcc/arm-none-eabi/10.3.1/thumb/v6-m/nofp/crtbegin.o
                0x000000002000000c                . = ALIGN (0x4)

.bss            0x000000002000000c      0x17c load address 0x0000000008002f34
                0x000000002000000c                _sbss = .
                0x000000002000000c                __bss_start__ = _sbss
 *(.bss)
 .bss           0x000000002000000c       0x1c c:/data/software/stm32/cubeide/software/stm32cubeide/plugins/com.st.stm32cube.ide.mcu.externaltools.gnu-tools-for-stm32.10.3-2021.10.win32_1.0.200.202301161003/tools/bin/../lib/gcc/arm-none-eabi/10.3.1/thumb/v6-m/nofp/crtbegin.o
 *(.bss*)
 .bss.huart1    0x0000000020000028       0x88 ./Core/Src/cmd.o
                0x0000000020000028                huart1
 .bss.CMD_recv_buffer
                0x00000000200000b0       0x14 ./Core/Src/cmd.o
                0x00000000200000b0                CMD_recv_buffer
 .bss.CMD_recv  0x00000000200000c4       0x14 ./Core/Src/cmd.o
                0x00000000200000c4                CMD_recv
 .bss.i         0x00000000200000d8        0x4 ./Core/Src/cmd.o
 .bss.data_start_index
                0x00000000200000dc        0x4 ./Core/Src/cmd.o
 .bss.data_stop_index
                0x00000000200000e0        0x4 ./Core/Src/cmd.o
 .bss.step_number
                0x00000000200000e4        0x4 ./Core/Src/cmd.o
 .bss.rotation_dir
                0x00000000200000e8        0x4 ./Core/Src/cmd.o
 .bss.hadc      0x00000000200000ec       0x40 ./Core/Src/main.o
                0x00000000200000ec                hadc
 .bss.hdma_usart1_rx
                0x000000002000012c       0x44 ./Core/Src/main.o
                0x000000002000012c                hdma_usart1_rx
 .bss.ms1       0x0000000020000170        0x4 ./Core/Src/stepper_control.o
 .bss.ms2       0x0000000020000174        0x4 ./Core/Src/stepper_control.o
 .bss.ms3       0x0000000020000178        0x4 ./Core/Src/stepper_control.o
 .bss.i         0x000000002000017c        0x4 ./Core/Src/stepper_control.o
 .bss.step_delay_time
                0x0000000020000180        0x4 ./Core/Src/stepper_control.o
 .bss.uwTick    0x0000000020000184        0x4 ./Drivers/STM32F0xx_HAL_Driver/Src/stm32f0xx_hal.o
                0x0000000020000184                uwTick
 *(COMMON)
                0x0000000020000188                . = ALIGN (0x4)
                0x0000000020000188                _ebss = .
                0x0000000020000188                __bss_end__ = _ebss

._user_heap_stack
                0x0000000020000188      0x600 load address 0x0000000008002f34
                0x0000000020000188                . = ALIGN (0x8)
                [!provide]                        PROVIDE (end = .)
                0x0000000020000188                PROVIDE (_end = .)
                0x0000000020000388                . = (. + _Min_Heap_Size)
 *fill*         0x0000000020000188      0x200 
                0x0000000020000788                . = (. + _Min_Stack_Size)
 *fill*         0x0000000020000388      0x400 
                0x0000000020000788                . = ALIGN (0x8)

/DISCARD/
 libc.a(*)
 libm.a(*)
 libgcc.a(*)

.ARM.attributes
                0x0000000000000000       0x28
 *(.ARM.attributes)
 .ARM.attributes
                0x0000000000000000       0x1e c:/data/software/stm32/cubeide/software/stm32cubeide/plugins/com.st.stm32cube.ide.mcu.externaltools.gnu-tools-for-stm32.10.3-2021.10.win32_1.0.200.202301161003/tools/bin/../lib/gcc/arm-none-eabi/10.3.1/thumb/v6-m/nofp/crti.o
 .ARM.attributes
                0x000000000000001e       0x2c c:/data/software/stm32/cubeide/software/stm32cubeide/plugins/com.st.stm32cube.ide.mcu.externaltools.gnu-tools-for-stm32.10.3-2021.10.win32_1.0.200.202301161003/tools/bin/../lib/gcc/arm-none-eabi/10.3.1/thumb/v6-m/nofp/crtbegin.o
 .ARM.attributes
                0x000000000000004a       0x2c ./Core/Src/cmd.o
 .ARM.attributes
                0x0000000000000076       0x2c ./Core/Src/debug_FZ.o
 .ARM.attributes
                0x00000000000000a2       0x2c ./Core/Src/main.o
 .ARM.attributes
                0x00000000000000ce       0x2c ./Core/Src/stepper_control.o
 .ARM.attributes
                0x00000000000000fa       0x2c ./Core/Src/stm32f0xx_hal_msp.o
 .ARM.attributes
                0x0000000000000126       0x2c ./Core/Src/stm32f0xx_it.o
 .ARM.attributes
                0x0000000000000152       0x2c ./Core/Src/system_stm32f0xx.o
 .ARM.attributes
                0x000000000000017e       0x21 ./Core/Startup/startup_stm32f031f6px.o
 .ARM.attributes
                0x000000000000019f       0x2c ./Drivers/STM32F0xx_HAL_Driver/Src/stm32f0xx_hal.o
 .ARM.attributes
                0x00000000000001cb       0x2c ./Drivers/STM32F0xx_HAL_Driver/Src/stm32f0xx_hal_adc.o
 .ARM.attributes
                0x00000000000001f7       0x2c ./Drivers/STM32F0xx_HAL_Driver/Src/stm32f0xx_hal_cortex.o
 .ARM.attributes
                0x0000000000000223       0x2c ./Drivers/STM32F0xx_HAL_Driver/Src/stm32f0xx_hal_dma.o
 .ARM.attributes
                0x000000000000024f       0x2c ./Drivers/STM32F0xx_HAL_Driver/Src/stm32f0xx_hal_gpio.o
 .ARM.attributes
                0x000000000000027b       0x2c ./Drivers/STM32F0xx_HAL_Driver/Src/stm32f0xx_hal_rcc.o
 .ARM.attributes
                0x00000000000002a7       0x2c ./Drivers/STM32F0xx_HAL_Driver/Src/stm32f0xx_hal_rcc_ex.o
 .ARM.attributes
                0x00000000000002d3       0x2c ./Drivers/STM32F0xx_HAL_Driver/Src/stm32f0xx_hal_uart.o
 .ARM.attributes
                0x00000000000002ff       0x2c c:/data/software/stm32/cubeide/software/stm32cubeide/plugins/com.st.stm32cube.ide.mcu.externaltools.gnu-tools-for-stm32.10.3-2021.10.win32_1.0.200.202301161003/tools/bin/../lib/gcc/arm-none-eabi/10.3.1/../../../../arm-none-eabi/lib/thumb/v6-m/nofp\libc_nano.a(lib_a-init.o)
 .ARM.attributes
                0x000000000000032b       0x2c c:/data/software/stm32/cubeide/software/stm32cubeide/plugins/com.st.stm32cube.ide.mcu.externaltools.gnu-tools-for-stm32.10.3-2021.10.win32_1.0.200.202301161003/tools/bin/../lib/gcc/arm-none-eabi/10.3.1/../../../../arm-none-eabi/lib/thumb/v6-m/nofp\libc_nano.a(lib_a-memset.o)
 .ARM.attributes
                0x0000000000000357       0x1e c:/data/software/stm32/cubeide/software/stm32cubeide/plugins/com.st.stm32cube.ide.mcu.externaltools.gnu-tools-for-stm32.10.3-2021.10.win32_1.0.200.202301161003/tools/bin/../lib/gcc/arm-none-eabi/10.3.1/thumb/v6-m/nofp\libgcc.a(_udivsi3.o)
 .ARM.attributes
                0x0000000000000375       0x1e c:/data/software/stm32/cubeide/software/stm32cubeide/plugins/com.st.stm32cube.ide.mcu.externaltools.gnu-tools-for-stm32.10.3-2021.10.win32_1.0.200.202301161003/tools/bin/../lib/gcc/arm-none-eabi/10.3.1/thumb/v6-m/nofp\libgcc.a(_dvmd_tls.o)
 .ARM.attributes
                0x0000000000000393       0x1e c:/data/software/stm32/cubeide/software/stm32cubeide/plugins/com.st.stm32cube.ide.mcu.externaltools.gnu-tools-for-stm32.10.3-2021.10.win32_1.0.200.202301161003/tools/bin/../lib/gcc/arm-none-eabi/10.3.1/thumb/v6-m/nofp/crtn.o
OUTPUT(Stepper_control_tst.elf elf32-littlearm)
LOAD linker stubs
LOAD c:/data/software/stm32/cubeide/software/stm32cubeide/plugins/com.st.stm32cube.ide.mcu.externaltools.gnu-tools-for-stm32.10.3-2021.10.win32_1.0.200.202301161003/tools/bin/../lib/gcc/arm-none-eabi/10.3.1/../../../../arm-none-eabi/lib/thumb/v6-m/nofp\libc.a
LOAD c:/data/software/stm32/cubeide/software/stm32cubeide/plugins/com.st.stm32cube.ide.mcu.externaltools.gnu-tools-for-stm32.10.3-2021.10.win32_1.0.200.202301161003/tools/bin/../lib/gcc/arm-none-eabi/10.3.1/../../../../arm-none-eabi/lib/thumb/v6-m/nofp\libm.a
LOAD c:/data/software/stm32/cubeide/software/stm32cubeide/plugins/com.st.stm32cube.ide.mcu.externaltools.gnu-tools-for-stm32.10.3-2021.10.win32_1.0.200.202301161003/tools/bin/../lib/gcc/arm-none-eabi/10.3.1/thumb/v6-m/nofp\libgcc.a

.debug_info     0x0000000000000000     0x9e11
 .debug_info    0x0000000000000000      0x94f ./Core/Src/cmd.o
 .debug_info    0x000000000000094f      0x1d8 ./Core/Src/debug_FZ.o
 .debug_info    0x0000000000000b27      0xcc7 ./Core/Src/main.o
 .debug_info    0x00000000000017ee      0x2a5 ./Core/Src/stepper_control.o
 .debug_info    0x0000000000001a93      0xc60 ./Core/Src/stm32f0xx_hal_msp.o
 .debug_info    0x00000000000026f3      0x353 ./Core/Src/stm32f0xx_it.o
 .debug_info    0x0000000000002a46      0x269 ./Core/Src/system_stm32f0xx.o
 .debug_info    0x0000000000002caf       0x22 ./Core/Startup/startup_stm32f031f6px.o
 .debug_info    0x0000000000002cd1      0x6a9 ./Drivers/STM32F0xx_HAL_Driver/Src/stm32f0xx_hal.o
 .debug_info    0x000000000000337a      0xd13 ./Drivers/STM32F0xx_HAL_Driver/Src/stm32f0xx_hal_adc.o
 .debug_info    0x000000000000408d      0x6e7 ./Drivers/STM32F0xx_HAL_Driver/Src/stm32f0xx_hal_cortex.o
 .debug_info    0x0000000000004774      0x752 ./Drivers/STM32F0xx_HAL_Driver/Src/stm32f0xx_hal_dma.o
 .debug_info    0x0000000000004ec6      0x60e ./Drivers/STM32F0xx_HAL_Driver/Src/stm32f0xx_hal_gpio.o
 .debug_info    0x00000000000054d4      0x88c ./Drivers/STM32F0xx_HAL_Driver/Src/stm32f0xx_hal_rcc.o
 .debug_info    0x0000000000005d60      0x37b ./Drivers/STM32F0xx_HAL_Driver/Src/stm32f0xx_hal_rcc_ex.o
 .debug_info    0x00000000000060db     0x3d36 ./Drivers/STM32F0xx_HAL_Driver/Src/stm32f0xx_hal_uart.o

.debug_abbrev   0x0000000000000000     0x1c13
 .debug_abbrev  0x0000000000000000      0x210 ./Core/Src/cmd.o
 .debug_abbrev  0x0000000000000210       0xf2 ./Core/Src/debug_FZ.o
 .debug_abbrev  0x0000000000000302      0x260 ./Core/Src/main.o
 .debug_abbrev  0x0000000000000562      0x145 ./Core/Src/stepper_control.o
 .debug_abbrev  0x00000000000006a7      0x1f4 ./Core/Src/stm32f0xx_hal_msp.o
 .debug_abbrev  0x000000000000089b      0x130 ./Core/Src/stm32f0xx_it.o
 .debug_abbrev  0x00000000000009cb      0x116 ./Core/Src/system_stm32f0xx.o
 .debug_abbrev  0x0000000000000ae1       0x12 ./Core/Startup/startup_stm32f031f6px.o
 .debug_abbrev  0x0000000000000af3      0x23f ./Drivers/STM32F0xx_HAL_Driver/Src/stm32f0xx_hal.o
 .debug_abbrev  0x0000000000000d32      0x203 ./Drivers/STM32F0xx_HAL_Driver/Src/stm32f0xx_hal_adc.o
 .debug_abbrev  0x0000000000000f35      0x283 ./Drivers/STM32F0xx_HAL_Driver/Src/stm32f0xx_hal_cortex.o
 .debug_abbrev  0x00000000000011b8      0x1e9 ./Drivers/STM32F0xx_HAL_Driver/Src/stm32f0xx_hal_dma.o
 .debug_abbrev  0x00000000000013a1      0x1bb ./Drivers/STM32F0xx_HAL_Driver/Src/stm32f0xx_hal_gpio.o
 .debug_abbrev  0x000000000000155c      0x283 ./Drivers/STM32F0xx_HAL_Driver/Src/stm32f0xx_hal_rcc.o
 .debug_abbrev  0x00000000000017df      0x169 ./Drivers/STM32F0xx_HAL_Driver/Src/stm32f0xx_hal_rcc_ex.o
 .debug_abbrev  0x0000000000001948      0x2cb ./Drivers/STM32F0xx_HAL_Driver/Src/stm32f0xx_hal_uart.o

.debug_aranges  0x0000000000000000      0x7e0
 .debug_aranges
                0x0000000000000000       0x38 ./Core/Src/cmd.o
 .debug_aranges
                0x0000000000000038       0x20 ./Core/Src/debug_FZ.o
 .debug_aranges
                0x0000000000000058       0x48 ./Core/Src/main.o
 .debug_aranges
                0x00000000000000a0       0x28 ./Core/Src/stepper_control.o
 .debug_aranges
                0x00000000000000c8       0x40 ./Core/Src/stm32f0xx_hal_msp.o
 .debug_aranges
                0x0000000000000108       0x48 ./Core/Src/stm32f0xx_it.o
 .debug_aranges
                0x0000000000000150       0x28 ./Core/Src/system_stm32f0xx.o
 .debug_aranges
                0x0000000000000178       0x28 ./Core/Startup/startup_stm32f031f6px.o
 .debug_aranges
                0x00000000000001a0       0xd0 ./Drivers/STM32F0xx_HAL_Driver/Src/stm32f0xx_hal.o
 .debug_aranges
                0x0000000000000270       0xf8 ./Drivers/STM32F0xx_HAL_Driver/Src/stm32f0xx_hal_adc.o
 .debug_aranges
                0x0000000000000368       0xc0 ./Drivers/STM32F0xx_HAL_Driver/Src/stm32f0xx_hal_cortex.o
 .debug_aranges
                0x0000000000000428       0x88 ./Drivers/STM32F0xx_HAL_Driver/Src/stm32f0xx_hal_dma.o
 .debug_aranges
                0x00000000000004b0       0x58 ./Drivers/STM32F0xx_HAL_Driver/Src/stm32f0xx_hal_gpio.o
 .debug_aranges
                0x0000000000000508       0x80 ./Drivers/STM32F0xx_HAL_Driver/Src/stm32f0xx_hal_rcc.o
 .debug_aranges
                0x0000000000000588       0x30 ./Drivers/STM32F0xx_HAL_Driver/Src/stm32f0xx_hal_rcc_ex.o
 .debug_aranges
                0x00000000000005b8      0x228 ./Drivers/STM32F0xx_HAL_Driver/Src/stm32f0xx_hal_uart.o

.debug_ranges   0x0000000000000000      0x718
 .debug_ranges  0x0000000000000000       0x28 ./Core/Src/cmd.o
 .debug_ranges  0x0000000000000028       0x10 ./Core/Src/debug_FZ.o
 .debug_ranges  0x0000000000000038       0x38 ./Core/Src/main.o
 .debug_ranges  0x0000000000000070       0x18 ./Core/Src/stepper_control.o
 .debug_ranges  0x0000000000000088       0x30 ./Core/Src/stm32f0xx_hal_msp.o
 .debug_ranges  0x00000000000000b8       0x38 ./Core/Src/stm32f0xx_it.o
 .debug_ranges  0x00000000000000f0       0x18 ./Core/Src/system_stm32f0xx.o
 .debug_ranges  0x0000000000000108       0x20 ./Core/Startup/startup_stm32f031f6px.o
 .debug_ranges  0x0000000000000128       0xc0 ./Drivers/STM32F0xx_HAL_Driver/Src/stm32f0xx_hal.o
 .debug_ranges  0x00000000000001e8       0xe8 ./Drivers/STM32F0xx_HAL_Driver/Src/stm32f0xx_hal_adc.o
 .debug_ranges  0x00000000000002d0       0xb0 ./Drivers/STM32F0xx_HAL_Driver/Src/stm32f0xx_hal_cortex.o
 .debug_ranges  0x0000000000000380       0x78 ./Drivers/STM32F0xx_HAL_Driver/Src/stm32f0xx_hal_dma.o
 .debug_ranges  0x00000000000003f8       0x48 ./Drivers/STM32F0xx_HAL_Driver/Src/stm32f0xx_hal_gpio.o
 .debug_ranges  0x0000000000000440       0x70 ./Drivers/STM32F0xx_HAL_Driver/Src/stm32f0xx_hal_rcc.o
 .debug_ranges  0x00000000000004b0       0x20 ./Drivers/STM32F0xx_HAL_Driver/Src/stm32f0xx_hal_rcc_ex.o
 .debug_ranges  0x00000000000004d0      0x248 ./Drivers/STM32F0xx_HAL_Driver/Src/stm32f0xx_hal_uart.o

.debug_macro    0x0000000000000000    0x1118c
 .debug_macro   0x0000000000000000      0x3b1 ./Core/Src/cmd.o
 .debug_macro   0x00000000000003b1      0xa4e ./Core/Src/cmd.o
 .debug_macro   0x0000000000000dff       0x18 ./Core/Src/cmd.o
 .debug_macro   0x0000000000000e17       0x22 ./Core/Src/cmd.o
 .debug_macro   0x0000000000000e39       0x4c ./Core/Src/cmd.o
 .debug_macro   0x0000000000000e85       0x94 ./Core/Src/cmd.o
 .debug_macro   0x0000000000000f19       0x3c ./Core/Src/cmd.o
 .debug_macro   0x0000000000000f55       0x34 ./Core/Src/cmd.o
 .debug_macro   0x0000000000000f89       0x16 ./Core/Src/cmd.o
 .debug_macro   0x0000000000000f9f      0x10e ./Core/Src/cmd.o
 .debug_macro   0x00000000000010ad       0x8d ./Core/Src/cmd.o
 .debug_macro   0x000000000000113a       0x16 ./Core/Src/cmd.o
 .debug_macro   0x0000000000001150       0x43 ./Core/Src/cmd.o
 .debug_macro   0x0000000000001193       0x57 ./Core/Src/cmd.o
 .debug_macro   0x00000000000011ea       0x34 ./Core/Src/cmd.o
 .debug_macro   0x000000000000121e       0x10 ./Core/Src/cmd.o
 .debug_macro   0x000000000000122e       0x58 ./Core/Src/cmd.o
 .debug_macro   0x0000000000001286       0x71 ./Core/Src/cmd.o
 .debug_macro   0x00000000000012f7       0x1c ./Core/Src/cmd.o
 .debug_macro   0x0000000000001313      0x12a ./Core/Src/cmd.o
 .debug_macro   0x000000000000143d      0x341 ./Core/Src/cmd.o
 .debug_macro   0x000000000000177e       0x16 ./Core/Src/cmd.o
 .debug_macro   0x0000000000001794       0x29 ./Core/Src/cmd.o
 .debug_macro   0x00000000000017bd       0x1c ./Core/Src/cmd.o
 .debug_macro   0x00000000000017d9       0x35 ./Core/Src/cmd.o
 .debug_macro   0x000000000000180e       0x10 ./Core/Src/cmd.o
 .debug_macro   0x000000000000181e       0x10 ./Core/Src/cmd.o
 .debug_macro   0x000000000000182e       0x6a ./Core/Src/cmd.o
 .debug_macro   0x0000000000001898       0x1c ./Core/Src/cmd.o
 .debug_macro   0x00000000000018b4       0x52 ./Core/Src/cmd.o
 .debug_macro   0x0000000000001906       0x22 ./Core/Src/cmd.o
 .debug_macro   0x0000000000001928       0x10 ./Core/Src/cmd.o
 .debug_macro   0x0000000000001938       0x52 ./Core/Src/cmd.o
 .debug_macro   0x000000000000198a       0xd5 ./Core/Src/cmd.o
 .debug_macro   0x0000000000001a5f       0x1c ./Core/Src/cmd.o
 .debug_macro   0x0000000000001a7b       0x3d ./Core/Src/cmd.o
 .debug_macro   0x0000000000001ab8       0x16 ./Core/Src/cmd.o
 .debug_macro   0x0000000000001ace      0x145 ./Core/Src/cmd.o
 .debug_macro   0x0000000000001c13       0x22 ./Core/Src/cmd.o
 .debug_macro   0x0000000000001c35      0x133 ./Core/Src/cmd.o
 .debug_macro   0x0000000000001d68       0x2e ./Core/Src/cmd.o
 .debug_macro   0x0000000000001d96       0x22 ./Core/Src/cmd.o
 .debug_macro   0x0000000000001db8      0x103 ./Core/Src/cmd.o
 .debug_macro   0x0000000000001ebb      0x1df ./Core/Src/cmd.o
 .debug_macro   0x000000000000209a       0x1c ./Core/Src/cmd.o
 .debug_macro   0x00000000000020b6       0x22 ./Core/Src/cmd.o
 .debug_macro   0x00000000000020d8       0xaf ./Core/Src/cmd.o
 .debug_macro   0x0000000000002187      0x391 ./Core/Src/cmd.o
 .debug_macro   0x0000000000002518     0x754b ./Core/Src/cmd.o
 .debug_macro   0x0000000000009a63       0x66 ./Core/Src/cmd.o
 .debug_macro   0x0000000000009ac9     0x34be ./Core/Src/cmd.o
 .debug_macro   0x000000000000cf87       0x4f ./Core/Src/cmd.o
 .debug_macro   0x000000000000cfd6      0x924 ./Core/Src/cmd.o
 .debug_macro   0x000000000000d8fa       0xe5 ./Core/Src/cmd.o
 .debug_macro   0x000000000000d9df      0x1ae ./Core/Src/cmd.o
 .debug_macro   0x000000000000db8d       0xce ./Core/Src/cmd.o
 .debug_macro   0x000000000000dc5b      0x199 ./Core/Src/cmd.o
 .debug_macro   0x000000000000ddf4      0x1ed ./Core/Src/cmd.o
 .debug_macro   0x000000000000dfe1       0x34 ./Core/Src/cmd.o
 .debug_macro   0x000000000000e015       0x43 ./Core/Src/cmd.o
 .debug_macro   0x000000000000e058       0x28 ./Core/Src/cmd.o
 .debug_macro   0x000000000000e080      0x33d ./Core/Src/cmd.o
 .debug_macro   0x000000000000e3bd       0xd4 ./Core/Src/cmd.o
 .debug_macro   0x000000000000e491       0xb0 ./Core/Src/cmd.o
 .debug_macro   0x000000000000e541      0x15a ./Core/Src/cmd.o
 .debug_macro   0x000000000000e69b      0x22c ./Core/Src/cmd.o
 .debug_macro   0x000000000000e8c7       0x61 ./Core/Src/cmd.o
 .debug_macro   0x000000000000e928       0xa5 ./Core/Src/cmd.o
 .debug_macro   0x000000000000e9cd       0x4c ./Core/Src/cmd.o
 .debug_macro   0x000000000000ea19      0x112 ./Core/Src/cmd.o
 .debug_macro   0x000000000000eb2b      0x5ba ./Core/Src/cmd.o
 .debug_macro   0x000000000000f0e5       0x3e ./Core/Src/cmd.o
 .debug_macro   0x000000000000f123      0x106 ./Core/Src/cmd.o
 .debug_macro   0x000000000000f229       0x70 ./Core/Src/cmd.o
 .debug_macro   0x000000000000f299       0x16 ./Core/Src/cmd.o
 .debug_macro   0x000000000000f2af       0x20 ./Core/Src/cmd.o
 .debug_macro   0x000000000000f2cf       0x10 ./Core/Src/cmd.o
 .debug_macro   0x000000000000f2df       0x4c ./Core/Src/cmd.o
 .debug_macro   0x000000000000f32b      0x1d5 ./Core/Src/debug_FZ.o
 .debug_macro   0x000000000000f500       0x8e ./Core/Src/debug_FZ.o
 .debug_macro   0x000000000000f58e       0x51 ./Core/Src/debug_FZ.o
 .debug_macro   0x000000000000f5df      0x174 ./Core/Src/debug_FZ.o
 .debug_macro   0x000000000000f753       0x55 ./Core/Src/debug_FZ.o
 .debug_macro   0x000000000000f7a8      0x2c3 ./Core/Src/main.o
 .debug_macro   0x000000000000fa6b       0x52 ./Core/Src/main.o
 .debug_macro   0x000000000000fabd       0x10 ./Core/Src/main.o
 .debug_macro   0x000000000000facd      0x2bb ./Core/Src/stepper_control.o
 .debug_macro   0x000000000000fd88      0x1d1 ./Core/Src/stm32f0xx_hal_msp.o
 .debug_macro   0x000000000000ff59      0x1e3 ./Core/Src/stm32f0xx_it.o
 .debug_macro   0x000000000001013c      0x1c2 ./Core/Src/system_stm32f0xx.o
 .debug_macro   0x00000000000102fe      0x1e6 ./Drivers/STM32F0xx_HAL_Driver/Src/stm32f0xx_hal.o
 .debug_macro   0x00000000000104e4      0x1e6 ./Drivers/STM32F0xx_HAL_Driver/Src/stm32f0xx_hal_adc.o
 .debug_macro   0x00000000000106ca      0x1c2 ./Drivers/STM32F0xx_HAL_Driver/Src/stm32f0xx_hal_cortex.o
 .debug_macro   0x000000000001088c      0x1c2 ./Drivers/STM32F0xx_HAL_Driver/Src/stm32f0xx_hal_dma.o
 .debug_macro   0x0000000000010a4e      0x1c9 ./Drivers/STM32F0xx_HAL_Driver/Src/stm32f0xx_hal_gpio.o
 .debug_macro   0x0000000000010c17      0x1d4 ./Drivers/STM32F0xx_HAL_Driver/Src/stm32f0xx_hal_rcc.o
 .debug_macro   0x0000000000010deb      0x1c2 ./Drivers/STM32F0xx_HAL_Driver/Src/stm32f0xx_hal_rcc_ex.o
 .debug_macro   0x0000000000010fad      0x1df ./Drivers/STM32F0xx_HAL_Driver/Src/stm32f0xx_hal_uart.o

.debug_line     0x0000000000000000     0xc0fc
 .debug_line    0x0000000000000000      0xb75 ./Core/Src/cmd.o
 .debug_line    0x0000000000000b75      0x74b ./Core/Src/debug_FZ.o
 .debug_line    0x00000000000012c0      0xadd ./Core/Src/main.o
 .debug_line    0x0000000000001d9d      0xa04 ./Core/Src/stepper_control.o
 .debug_line    0x00000000000027a1      0x7f0 ./Core/Src/stm32f0xx_hal_msp.o
 .debug_line    0x0000000000002f91      0x7d2 ./Core/Src/stm32f0xx_it.o
 .debug_line    0x0000000000003763      0x7b7 ./Core/Src/system_stm32f0xx.o
 .debug_line    0x0000000000003f1a       0x89 ./Core/Startup/startup_stm32f031f6px.o
 .debug_line    0x0000000000003fa3      0x9c2 ./Drivers/STM32F0xx_HAL_Driver/Src/stm32f0xx_hal.o
 .debug_line    0x0000000000004965     0x1214 ./Drivers/STM32F0xx_HAL_Driver/Src/stm32f0xx_hal_adc.o
 .debug_line    0x0000000000005b79      0xa6e ./Drivers/STM32F0xx_HAL_Driver/Src/stm32f0xx_hal_cortex.o
 .debug_line    0x00000000000065e7      0xce6 ./Drivers/STM32F0xx_HAL_Driver/Src/stm32f0xx_hal_dma.o
 .debug_line    0x00000000000072cd      0xb2a ./Drivers/STM32F0xx_HAL_Driver/Src/stm32f0xx_hal_gpio.o
 .debug_line    0x0000000000007df7      0xdaa ./Drivers/STM32F0xx_HAL_Driver/Src/stm32f0xx_hal_rcc.o
 .debug_line    0x0000000000008ba1      0x921 ./Drivers/STM32F0xx_HAL_Driver/Src/stm32f0xx_hal_rcc_ex.o
 .debug_line    0x00000000000094c2     0x2c3a ./Drivers/STM32F0xx_HAL_Driver/Src/stm32f0xx_hal_uart.o

.debug_str      0x0000000000000000    0x61e8d
 .debug_str     0x0000000000000000    0x5ff7a ./Core/Src/cmd.o
                                      0x602af (size before relaxing)
 .debug_str     0x000000000005ff7a       0x28 ./Core/Src/debug_FZ.o
                                      0x5bd88 (size before relaxing)
 .debug_str     0x000000000005ffa2      0x5b4 ./Core/Src/main.o
                                      0x5f54a (size before relaxing)
 .debug_str     0x0000000000060556       0x5b ./Core/Src/stepper_control.o
                                      0x5ed15 (size before relaxing)
 .debug_str     0x00000000000605b1       0x9e ./Core/Src/stm32f0xx_hal_msp.o
                                      0x5c44d (size before relaxing)
 .debug_str     0x000000000006064f       0x95 ./Core/Src/stm32f0xx_it.o
                                      0x5bf65 (size before relaxing)
 .debug_str     0x00000000000606e4       0x8b ./Core/Src/system_stm32f0xx.o
                                      0x5bbed (size before relaxing)
 .debug_str     0x000000000006076f       0x8c ./Core/Startup/startup_stm32f031f6px.o
 .debug_str     0x00000000000607fb      0x37a ./Drivers/STM32F0xx_HAL_Driver/Src/stm32f0xx_hal.o
                                      0x5c15f (size before relaxing)
 .debug_str     0x0000000000060b75      0x386 ./Drivers/STM32F0xx_HAL_Driver/Src/stm32f0xx_hal_adc.o
                                      0x5c2fa (size before relaxing)
 .debug_str     0x0000000000060efb      0x197 ./Drivers/STM32F0xx_HAL_Driver/Src/stm32f0xx_hal_cortex.o
                                      0x5bf50 (size before relaxing)
 .debug_str     0x0000000000061092      0x1fa ./Drivers/STM32F0xx_HAL_Driver/Src/stm32f0xx_hal_dma.o
                                      0x5bf93 (size before relaxing)
 .debug_str     0x000000000006128c      0x10d ./Drivers/STM32F0xx_HAL_Driver/Src/stm32f0xx_hal_gpio.o
                                      0x5bd8e (size before relaxing)
 .debug_str     0x0000000000061399      0x21a ./Drivers/STM32F0xx_HAL_Driver/Src/stm32f0xx_hal_rcc.o
                                      0x5c029 (size before relaxing)
 .debug_str     0x00000000000615b3       0x8d ./Drivers/STM32F0xx_HAL_Driver/Src/stm32f0xx_hal_rcc_ex.o
                                      0x5bd36 (size before relaxing)
 .debug_str     0x0000000000061640      0x84d ./Drivers/STM32F0xx_HAL_Driver/Src/stm32f0xx_hal_uart.o
                                      0x5c951 (size before relaxing)

.comment        0x0000000000000000       0x50
 .comment       0x0000000000000000       0x50 ./Core/Src/cmd.o
                                         0x51 (size before relaxing)
 .comment       0x0000000000000050       0x51 ./Core/Src/debug_FZ.o
 .comment       0x0000000000000050       0x51 ./Core/Src/main.o
 .comment       0x0000000000000050       0x51 ./Core/Src/stepper_control.o
 .comment       0x0000000000000050       0x51 ./Core/Src/stm32f0xx_hal_msp.o
 .comment       0x0000000000000050       0x51 ./Core/Src/stm32f0xx_it.o
 .comment       0x0000000000000050       0x51 ./Core/Src/system_stm32f0xx.o
 .comment       0x0000000000000050       0x51 ./Drivers/STM32F0xx_HAL_Driver/Src/stm32f0xx_hal.o
 .comment       0x0000000000000050       0x51 ./Drivers/STM32F0xx_HAL_Driver/Src/stm32f0xx_hal_adc.o
 .comment       0x0000000000000050       0x51 ./Drivers/STM32F0xx_HAL_Driver/Src/stm32f0xx_hal_cortex.o
 .comment       0x0000000000000050       0x51 ./Drivers/STM32F0xx_HAL_Driver/Src/stm32f0xx_hal_dma.o
 .comment       0x0000000000000050       0x51 ./Drivers/STM32F0xx_HAL_Driver/Src/stm32f0xx_hal_gpio.o
 .comment       0x0000000000000050       0x51 ./Drivers/STM32F0xx_HAL_Driver/Src/stm32f0xx_hal_rcc.o
 .comment       0x0000000000000050       0x51 ./Drivers/STM32F0xx_HAL_Driver/Src/stm32f0xx_hal_rcc_ex.o
 .comment       0x0000000000000050       0x51 ./Drivers/STM32F0xx_HAL_Driver/Src/stm32f0xx_hal_uart.o

.debug_frame    0x0000000000000000     0x1a0c
 .debug_frame   0x0000000000000000       0x88 ./Core/Src/cmd.o
 .debug_frame   0x0000000000000088       0x30 ./Core/Src/debug_FZ.o
 .debug_frame   0x00000000000000b8       0xc8 ./Core/Src/main.o
 .debug_frame   0x0000000000000180       0x50 ./Core/Src/stepper_control.o
 .debug_frame   0x00000000000001d0       0xb0 ./Core/Src/stm32f0xx_hal_msp.o
 .debug_frame   0x0000000000000280       0xb8 ./Core/Src/stm32f0xx_it.o
 .debug_frame   0x0000000000000338       0x4c ./Core/Src/system_stm32f0xx.o
 .debug_frame   0x0000000000000384      0x2a4 ./Drivers/STM32F0xx_HAL_Driver/Src/stm32f0xx_hal.o
 .debug_frame   0x0000000000000628      0x3a0 ./Drivers/STM32F0xx_HAL_Driver/Src/stm32f0xx_hal_adc.o
 .debug_frame   0x00000000000009c8      0x2a0 ./Drivers/STM32F0xx_HAL_Driver/Src/stm32f0xx_hal_cortex.o
 .debug_frame   0x0000000000000c68      0x1d0 ./Drivers/STM32F0xx_HAL_Driver/Src/stm32f0xx_hal_dma.o
 .debug_frame   0x0000000000000e38      0x110 ./Drivers/STM32F0xx_HAL_Driver/Src/stm32f0xx_hal_gpio.o
 .debug_frame   0x0000000000000f48      0x198 ./Drivers/STM32F0xx_HAL_Driver/Src/stm32f0xx_hal_rcc.o
 .debug_frame   0x00000000000010e0       0x70 ./Drivers/STM32F0xx_HAL_Driver/Src/stm32f0xx_hal_rcc_ex.o
 .debug_frame   0x0000000000001150      0x850 ./Drivers/STM32F0xx_HAL_Driver/Src/stm32f0xx_hal_uart.o
 .debug_frame   0x00000000000019a0       0x2c c:/data/software/stm32/cubeide/software/stm32cubeide/plugins/com.st.stm32cube.ide.mcu.externaltools.gnu-tools-for-stm32.10.3-2021.10.win32_1.0.200.202301161003/tools/bin/../lib/gcc/arm-none-eabi/10.3.1/../../../../arm-none-eabi/lib/thumb/v6-m/nofp\libc_nano.a(lib_a-init.o)
 .debug_frame   0x00000000000019cc       0x20 c:/data/software/stm32/cubeide/software/stm32cubeide/plugins/com.st.stm32cube.ide.mcu.externaltools.gnu-tools-for-stm32.10.3-2021.10.win32_1.0.200.202301161003/tools/bin/../lib/gcc/arm-none-eabi/10.3.1/../../../../arm-none-eabi/lib/thumb/v6-m/nofp\libc_nano.a(lib_a-memset.o)
 .debug_frame   0x00000000000019ec       0x20 c:/data/software/stm32/cubeide/software/stm32cubeide/plugins/com.st.stm32cube.ide.mcu.externaltools.gnu-tools-for-stm32.10.3-2021.10.win32_1.0.200.202301161003/tools/bin/../lib/gcc/arm-none-eabi/10.3.1/thumb/v6-m/nofp\libgcc.a(_udivsi3.o)
